<html>
<body>
<pre>
<h1>µVision Build Log</h1>
<h2>Project:</h2>
C:\Users\sahil\Documents\GitHub\319K Labs\lab10-ashar-and-collins - Copy\SpaceInvaders.uvproj
Project File Date:  04/28/2017

<h2>Output:</h2>
Rebuild target 'SpaceInvaders'
assembling startup.s...
assembling random.s...
compiling DAC.c...
DAC.c(31): warning:  #550-D: variable "cycle" was set but never used
        uint32_t cycle=0;
DAC.c: 1 warning, 0 errors
compiling ADC.c...
compiling Timer0.c...
compiling Timer1.c...
compiling Sound.c...
assembling LCD.s...
assembling Print.s...
compiling SpaceInvaders.c...
compiling ST7735.c...
compiling engine.c...
compiling menu.c...
compiling Globals.c...
compiling moving.c...
compiling movement.c...
compiling Images.c...
compiling playEngine.c...
linking...
Program Size: Code=18352 RO-data=5000 RW-data=972 ZI-data=1180  
".\SpaceInvaders.axf" - 0 Error(s), 1 Warning(s).
</pre>
</body>
</html>
g and 1 error messages.
".\SpaceInvaders.axf" - 1 Error(s), 1 Warning(s).
Target not created
