ARM Linker, 5.03 [Build 76] [MDK-ARM Professional]

==============================================================================

Section Cross References

    startup.o(STACK) refers (Special) to heapauxi.o(.text) for __use_two_region_memory
    startup.o(HEAP) refers (Special) to heapauxi.o(.text) for __use_two_region_memory
    startup.o(RESET) refers (Special) to heapauxi.o(.text) for __use_two_region_memory
    startup.o(RESET) refers to startup.o(STACK) for StackMem
    startup.o(RESET) refers to adc.o(i.SysTick_Handler) for SysTick_Handler
    startup.o(RESET) refers to adc.o(i.GPIOPortC_Handler) for GPIOPortC_Handler
    startup.o(RESET) refers to dac.o(i.Timer0A_Handler) for Timer0A_Handler
    startup.o(RESET) refers to dac.o(i.Timer1A_Handler) for Timer1A_Handler
    startup.o(RESET) refers to adc.o(i.Timer3A_Handler) for Timer3A_Handler
    startup.o(RESET) refers to texas.o(.text) for Timer4A_Handler
    startup.o(RESET) refers to __main.o(!!!main) for __main
    startup.o(.text) refers (Special) to heapauxi.o(.text) for __use_two_region_memory
    startup.o(.text) refers to startup.o(HEAP) for HeapMem
    startup.o(.text) refers to startup.o(STACK) for StackMem
    random.o(.text) refers to random.o(DATA) for M
    dac.o(i.Timer0A_Handler) refers to dac.o(.data) for PeriodicTask
    dac.o(i.Timer0_Init) refers to dac.o(.data) for PeriodicTask
    dac.o(i.Timer1A_Handler) refers to dac.o(.data) for PeriodicTask
    dac.o(i.Timer1_Init) refers to dac.o(i.tempointerrupt) for tempointerrupt
    dac.o(i.noteinterrupt) refers to dac.o(i.DAC_Out) for DAC_Out
    dac.o(i.noteinterrupt) refers to dac.o(i.Timer0_Init) for Timer0_Init
    dac.o(i.noteinterrupt) refers to dac.o(.data) for cs
    dac.o(i.play_menu_music) refers to dac.o(i.Timer0_Init) for Timer0_Init
    dac.o(i.play_menu_music) refers to dac.o(i.Timer1_Init) for Timer1_Init
    dac.o(i.play_menu_music) refers to startup.o(.text) for WaitForInterrupt
    dac.o(i.play_menu_music) refers to dac.o(.data) for cs
    dac.o(i.play_menu_music) refers to dac.o(i.noteinterrupt) for noteinterrupt
    dac.o(i.play_menu_music) refers to dac.o(i.tempointerrupt) for tempointerrupt
    dac.o(i.tempointerrupt) refers to dac.o(.data) for cs
    adc.o(i.GPIOPortC_Handler) refers to globals.o(.data) for shotFired_flag
    adc.o(i.SysTick_Handler) refers to adc.o(i.getADCInfo) for getADCInfo
    adc.o(i.SysTick_Handler) refers to globals.o(.data) for buttonPress
    adc.o(i.Timer3A_Handler) refers to playengine.o(i.generateBullet) for generateBullet
    adc.o(i.Timer3A_Handler) refers to playengine.o(i.moveBullet) for moveBullet
    adc.o(i.Timer3A_Handler) refers to globals.o(.data) for shotFired_flag
    adc.o(i.getADCInfo) refers to adc.o(i.ADC_In89) for ADC_In89
    adc.o(i.getADCInfo) refers to globals.o(.data) for ADCvalue
    sound.o(i.Sound_Explosion) refers to sound.o(i.Sound_Play) for Sound_Play
    sound.o(i.Sound_Explosion) refers to sound.o(.constdata) for explosion
    sound.o(i.Sound_Fastinvader1) refers to sound.o(i.Sound_Play) for Sound_Play
    sound.o(i.Sound_Fastinvader1) refers to sound.o(.constdata) for fastinvader1
    sound.o(i.Sound_Fastinvader2) refers to sound.o(i.Sound_Play) for Sound_Play
    sound.o(i.Sound_Fastinvader2) refers to sound.o(.constdata) for fastinvader2
    sound.o(i.Sound_Fastinvader3) refers to sound.o(i.Sound_Play) for Sound_Play
    sound.o(i.Sound_Fastinvader3) refers to sound.o(.constdata) for fastinvader3
    sound.o(i.Sound_Fastinvader4) refers to sound.o(i.Sound_Play) for Sound_Play
    sound.o(i.Sound_Fastinvader4) refers to sound.o(.constdata) for fastinvader4
    sound.o(i.Sound_Highpitch) refers to sound.o(i.Sound_Play) for Sound_Play
    sound.o(i.Sound_Highpitch) refers to sound.o(.constdata) for highpitch
    sound.o(i.Sound_Init) refers to dac.o(i.DAC_Init) for DAC_Init
    sound.o(i.Sound_Killed) refers to sound.o(i.Sound_Play) for Sound_Play
    sound.o(i.Sound_Killed) refers to sound.o(.constdata) for invaderkilled
    sound.o(i.Sound_Play) refers to startup.o(.text) for WaitForInterrupt
    sound.o(i.Sound_Play) refers to sound.o(.data) for data
    sound.o(i.Sound_Shoot) refers to sound.o(i.Sound_Play) for Sound_Play
    sound.o(i.Sound_Shoot) refers to sound.o(.constdata) for shoot
    print.o(.text) refers (Special) to st7735.o(i.ST7735_OutString) for ST7735_OutString
    print.o(.text) refers to st7735.o(i.ST7735_OutChar) for ST7735_OutChar
    spaceinvaders.o(i.main) refers to globals.o(i.init_All) for init_All
    spaceinvaders.o(i.main) refers to st7735.o(i.ST7735_FillScreen) for ST7735_FillScreen
    spaceinvaders.o(i.main) refers to menu.o(i.checkSN) for checkSN
    st7735.o(i.Output_Clear) refers to st7735.o(i.ST7735_FillScreen) for ST7735_FillScreen
    st7735.o(i.Output_Color) refers to st7735.o(i.ST7735_SetTextColor) for ST7735_SetTextColor
    st7735.o(i.Output_Init) refers to st7735.o(i.ST7735_InitR) for ST7735_InitR
[...]
    st7735.o(i.ST7735_FillRect) refers to lcd.o(.text) for writedata
    st7735.o(i.ST7735_FillRect) refers to st7735.o(.data) for _width
    st7735.o(i.ST7735_FillScreen) refers to st7735.o(i.ST7735_FillRect) for ST7735_FillRect
    st7735.o(i.ST7735_FillScreen) refers to st7735.o(.data) for _height
    st7735.o(i.ST7735_InitB) refers to st7735.o(i.commonInit) for commonInit
    st7735.o(i.ST7735_InitB) refers to st7735.o(i.ST7735_SetCursor) for ST7735_SetCursor
    st7735.o(i.ST7735_InitB) refers to st7735.o(i.ST7735_FillScreen) for ST7735_FillScreen
    st7735.o(i.ST7735_InitB) refers to st7735.o(.constdata) for Bcmd
    st7735.o(i.ST7735_InitB) refers to st7735.o(.data) for StTextColor
    st7735.o(i.ST7735_InitR) refers to st7735.o(i.commonInit) for commonInit
    st7735.o(i.ST7735_InitR) refers to st7735.o(i.commandList) for commandList
    st7735.o(i.ST7735_InitR) refers to lcd.o(.text) for writecommand
    st7735.o(i.ST7735_InitR) refers to st7735.o(i.ST7735_SetCursor) for ST7735_SetCursor
    st7735.o(i.ST7735_InitR) refers to st7735.o(i.ST7735_FillScreen) for ST7735_FillScreen
    st7735.o(i.ST7735_InitR) refers to st7735.o(.constdata) for Rcmd1
    st7735.o(i.ST7735_InitR) refers to st7735.o(.data) for ColStart
    st7735.o(i.ST7735_InvertDisplay) refers to lcd.o(.text) for writecommand
    st7735.o(i.ST7735_OutChar) refers to st7735.o(i.ST7735_DrawString) for ST7735_DrawString
    st7735.o(i.ST7735_OutChar) refers to st7735.o(i.ST7735_DrawCharS) for ST7735_DrawCharS
    st7735.o(i.ST7735_OutChar) refers to st7735.o(.data) for StY
    st7735.o(i.ST7735_OutString) refers to st7735.o(i.ST7735_OutChar) for ST7735_OutChar
    st7735.o(i.ST7735_OutUDec) refers to st7735.o(i.fillmessage) for fillmessage
    st7735.o(i.ST7735_OutUDec) refers to st7735.o(i.ST7735_DrawString) for ST7735_DrawString
    st7735.o(i.ST7735_OutUDec) refers to st7735.o(i.ST7735_DrawCharS) for ST7735_DrawCharS
    st7735.o(i.ST7735_OutUDec) refers to st7735.o(.data) for Messageindex
    st7735.o(i.ST7735_OutUDec) refers to st7735.o(.bss) for Message
    st7735.o(i.ST7735_PlotBar) refers to st7735.o(i.ST7735_DrawFastVLine) for ST7735_DrawFastVLine
    st7735.o(i.ST7735_PlotBar) refers to st7735.o(.data) for Ymin
    st7735.o(i.ST7735_PlotClear) refers to st7735.o(i.ST7735_Color565) for ST7735_Color565
    st7735.o(i.ST7735_PlotClear) refers to st7735.o(i.ST7735_FillRect) for ST7735_FillRect
    st7735.o(i.ST7735_PlotClear) refers to st7735.o(.data) for Ymax
    st7735.o(i.ST7735_PlotLine) refers to st7735.o(i.ST7735_DrawPixel) for ST7735_DrawPixel
    st7735.o(i.ST7735_PlotLine) refers to st7735.o(.data) for Ymin
    st7735.o(i.ST7735_PlotNext) refers to st7735.o(.data) for X
    st7735.o(i.ST7735_PlotNextErase) refers to st7735.o(i.ST7735_Color565) for ST7735_Color565
    st7735.o(i.ST7735_PlotNextErase) refers to st7735.o(i.ST7735_DrawFastVLine) for ST7735_DrawFastVLine
    st7735.o(i.ST7735_PlotNextErase) refers to st7735.o(.data) for X
    st7735.o(i.ST7735_PlotPoint) refers to st7735.o(i.ST7735_DrawPixel) for ST7735_DrawPixel
    st7735.o(i.ST7735_PlotPoint) refers to st7735.o(.data) for Ymin
    st7735.o(i.ST7735_PlotPoints) refers to st7735.o(i.ST7735_DrawPixel) for ST7735_DrawPixel
    st7735.o(i.ST7735_PlotPoints) refers to st7735.o(.data) for Ymin
    st7735.o(i.ST7735_PlotdBfs) refers to st7735.o(i.ST7735_DrawFastVLine) for ST7735_DrawFastVLine
    st7735.o(i.ST7735_PlotdBfs) refers to st7735.o(.constdata) for dBfs
    st7735.o(i.ST7735_PlotdBfs) refers to st7735.o(.data) for X
    st7735.o(i.ST7735_SetCursor) refers to st7735.o(.data) for StX
    st7735.o(i.ST7735_SetRotation) refers to lcd.o(.text) for writecommand
    st7735.o(i.ST7735_SetRotation) refers to st7735.o(.data) for Rotation
    st7735.o(i.ST7735_SetTextColor) refers to st7735.o(.data) for StTextColor
    st7735.o(i.commandList) refers to lcd.o(.text) for writecommand
    st7735.o(i.commandList) refers to st7735.o(i.Delay1ms) for Delay1ms
    st7735.o(i.commonInit) refers to st7735.o(i.Delay1ms) for Delay1ms
    st7735.o(i.commonInit) refers to st7735.o(i.commandList) for commandList
    st7735.o(i.commonInit) refers to st7735.o(.data) for RowStart
    st7735.o(i.fillmessage) refers to st7735.o(.bss) for Message
    st7735.o(i.fillmessage) refers to st7735.o(.data) for Messageindex
    st7735.o(i.fputc) refers to st7735.o(i.ST7735_OutChar) for ST7735_OutChar
    st7735.o(i.pushColor) refers to lcd.o(.text) for writedata
    st7735.o(i.setAddrWindow) refers to lcd.o(.text) for writecommand
    st7735.o(i.setAddrWindow) refers to st7735.o(.data) for ColStart
    menu.o(i.checkSN) refers to menu.o(i.generateMenu) for generateMenu
    menu.o(i.checkSN) refers to menu.o(i.generateDiffi) for generateDiffi
    menu.o(i.checkSN) refers to menu.o(i.generateHS) for generateHS
    menu.o(i.checkSN) refers to menu.o(i.generatePlay) for generatePlay
    menu.o(i.checkSN) refers to globals.o(.data) for screen_num
    menu.o(i.generateDiffi) refers to st7735.o(i.ST7735_FillScreen) for ST7735_FillScreen
    menu.o(i.generateDiffi) refers to st7735.o(i.ST7735_DrawString) for ST7735_DrawString
    menu.o(i.generateDiffi) refers to globals.o(i.Delay100ms) for Delay100ms
    menu.o(i.generateDiffi) refers to menu.o(i.checkSN) for checkSN
    menu.o(i.generateDiffi) refers to globals.o(.data) for screen_num
    menu.o(i.generateDiffi) refers to menu.o(.data) for diffiEasy
    menu.o(i.generateMenu) refers to st7735.o(i.ST7735_FillScreen) for ST7735_FillScreen
    menu.o(i.generateMenu) refers to st7735.o(i.ST7735_DrawString) for ST7735_DrawString
    menu.o(i.generateMenu) refers to globals.o(i.Delay100ms) for Delay100ms
    menu.o(i.generateMenu) refers to menu.o(i.checkSN) for checkSN
    menu.o(i.generateMenu) refers to globals.o(.data) for screen_num
    menu.o(i.generateMenu) refers to menu.o(.data) for playMenuString
    menu.o(i.generatePlay) refers to st7735.o(i.ST7735_FillScreen) for ST7735_FillScreen
    menu.o(i.generatePlay) refers to adc.o(i.EdgeInterrupt_Init) for EdgeInterrupt_Init
    menu.o(i.generatePlay) refers to playengine.o(i.startEngine) for startEngine
    globals.o(i.init_All) refers to texas.o(.text) for TExaS_Init
    globals.o(i.init_All) refers to random.o(.text) for Random_Init
    globals.o(i.init_All) refers to st7735.o(i.Output_Init) for Output_Init
    globals.o(i.init_All) refers to dac.o(i.DAC_Init) for DAC_Init
    globals.o(i.init_All) refers to adc.o(i.ADC_Init89) for ADC_Init89
    globals.o(i.init_All) refers to adc.o(i.SysTick_Init) for SysTick_Init
    globals.o(i.init_All) refers to adc.o(i.Timer3_Init) for Timer3_Init
    movement.o(i.shipMovement) refers to adc.o(i.ADC_In89) for ADC_In89
    movement.o(i.shipMovement) refers to st7735.o(i.ST7735_DrawBitmap) for ST7735_DrawBitmap
    movement.o(i.shipMovement) refers to globals.o(i.Delay50ms) for Delay50ms
    movement.o(i.shipMovement) refers to globals.o(.data) for ADCvalue
    movement.o(i.shipMovement) refers to images.o(.constdata) for PlayerShip0
    playengine.o(i.alien_bullets) refers to random.o(.text) for Random
    playengine.o(i.alien_bullets) refers to dac.o(i.Timer0_Init) for Timer0_Init
    playengine.o(i.alien_bullets) refers to playengine.o(i.bullet_movement) for bullet_movement
    playengine.o(i.alien_bullets) refers to playengine.o(.data) for matrix
    playengine.o(i.alien_movement) refers to movement.o(i.shipMovement) for shipMovement
    playengine.o(i.alien_movement) refers to st7735.o(i.ST7735_DrawBitmap) for ST7735_DrawBitmap
    playengine.o(i.alien_movement) refers to st7735.o(i.ST7735_FillRect) for ST7735_FillRect
    playengine.o(i.alien_movement) refers to playengine.o(i.alien_bullets) for alien_bullets
    playengine.o(i.alien_movement) refers to playengine.o(.data) for bullet_l
    playengine.o(i.alien_movement) refers to globals.o(.data) for shotFired_ticks
    playengine.o(i.alien_movement) refers to images.o(.constdata) for black
    playengine.o(i.bullet_movement) refers to st7735.o(i.ST7735_DrawBitmap) for ST7735_DrawBitmap
    playengine.o(i.bullet_movement) refers to st7735.o(i.ST7735_FillRect) for ST7735_FillRect
    playengine.o(i.bullet_movement) refers to playengine.o(.data) for bullet_t
    playengine.o(i.bullet_movement) refers to playengine.o(.constdata) for bullets
    playengine.o(i.generateAliens) refers to st7735.o(i.ST7735_DrawBitmap) for ST7735_DrawBitmap
    playengine.o(i.generateAliens) refers to images.o(.constdata) for SmallEnemy30pointA
    playengine.o(i.generateBullet) refers to playengine.o(.data) for bullet_l
    playengine.o(i.generateBunkers) refers to st7735.o(i.ST7735_DrawBitmap) for ST7735_DrawBitmap
    playengine.o(i.generateBunkers) refers to images.o(.constdata) for Bunker0
    playengine.o(i.generateShip) refers to st7735.o(i.ST7735_DrawBitmap) for ST7735_DrawBitmap
    playengine.o(i.generateShip) refers to images.o(.constdata) for PlayerShip0
    playengine.o(i.moveBullet) refers to st7735.o(i.ST7735_FillRect) for ST7735_FillRect
    playengine.o(i.moveBullet) refers to playengine.o(.data) for bullet_l
    playengine.o(i.startEngine) refers to playengine.o(i.generateShip) for generateShip
    playengine.o(i.startEngine) refers to playengine.o(i.generateAliens) for generateAliens
    playengine.o(i.startEngine) refers to playengine.o(i.generateBunkers) for generateBunkers
    playengine.o(i.startEngine) refers to playengine.o(i.alien_movement) for alien_movement
    playengine.o(.data) refers to images.o(.constdata) for SmallEnemy30pointA
    texas.o(.text) refers to texas.o(.bss) for TExaS
    texas.o(.text) refers to texas.o(.constdata) for IntroMsg
    texas.o(.text) refers to texas.o(.data) for LastMode
    __main.o(!!!main) refers to rtentry.o(.ARM.Collect$$rtentry$$00000000) for __rt_entry
    rtentry.o(.ARM.Collect$$rtentry$$00000000) refers (Special) to rtentry2.o(.ARM.Collect$$rtentry$$0000000A) for __rt_entry_li
    rtentry.o(.ARM.Collect$$rtentry$$00000000) refers (Special) to rtentry2.o(.ARM.Collect$$rtentry$$0000000D) for __rt_entry_main
    rtentry.o(.ARM.Collect$$rtentry$$00000000) refers (Special) to rtentry2.o(.ARM.Collect$$rtentry$$0000000C) for __rt_entry_postli_1
    rtentry.o(.ARM.Collect$$rtentry$$00000000) refers (Special) to rtentry2.o(.ARM.Collect$$rtentry$$00000009) for __rt_entry_postsh_1
    rtentry.o(.ARM.Collect$$rtentry$$00000000) refers (Special) to rtentry2.o(.ARM.Collect$$rtentry$$00000002) for __rt_entry_presh_1
    rtentry.o(.ARM.Collect$$rtentry$$00000000) refers (Special) to rtentry4.o(.ARM.Collect$$rtentry$$00000004) for __rt_entry_sh
    rtentry2.o(.ARM.Collect$$rtentry$$00000008) refers to boardinit2.o(.text) for _platform_post_stackheap_init
    rtentry2.o(.ARM.Collect$$rtentry$$0000000A) refers to libinit.o(.ARM.Collect$$libinit$$00000000) for __rt_lib_init
    rtentry2.o(.ARM.Collect$$rtentry$$0000000B) refers to boardinit3.o(.text) for _platform_post_lib_init
    rtentry2.o(.ARM.Collect$$rtentry$$0000000D) refers to spaceinvaders.o(i.main) for main
    rtentry2.o(.ARM.Collect$$rtentry$$0000000D) refers to exit.o(.text) for exit
    rtentry2.o(.ARM.exidx) refers to rtentry2.o(.ARM.Collect$$rtentry$$00000001) for .ARM.Collect$$rtentry$$00000001
    rtentry2.o(.ARM.exidx) refers to rtentry2.o(.ARM.Collect$$rtentry$$00000008) for .ARM.Collect$$rtentry$$00000008
    rtentry2.o(.ARM.exidx) refers to rtentry2.o(.ARM.Collect$$rtentry$$0000000A) for .ARM.Collect$$rtentry$$0000000A
    rtentry2.o(.ARM.exidx) refers to rtentry2.o(.ARM.Collect$$rtentry$$0000000B) for .ARM.Collect$$rtentry$$0000000B
    rtentry2.o(.ARM.exidx) refers to rtentry2.o(.ARM.Collect$$rtentry$$0000000D) for .ARM.Collect$$rtentry$$0000000D
    rtentry4.o(.ARM.Collect$$rtentry$$00000004) refers to sys_stackheap_outer.o(.text) for __user_setup_stackheap
    rtentry4.o(.ARM.exidx) refers to rtentry4.o(.ARM.Collect$$rtentry$$00000004) for .ARM.Collect$$rtentry$$00000004
    sys_stackheap_outer.o(.text) refers to libspace.o(.text) for __user_perproc_libspace
    sys_stackheap_outer.o(.text) refers to startup.o(.text) for __user_initial_stackheap
    exit.o(.text) refers to rtexit.o(.ARM.Collect$$rtexit$$00000000) for __rt_exit
    libinit.o(.ARM.Collect$$libinit$$00000000) refers (Special) to libinit2.o(.ARM.Collect$$libinit$$0000002C) for __rt_lib_init_alloca_1
    libinit.o(.ARM.Collect$$libinit$$00000000) refers (Special) to libinit2.o(.ARM.Collect$$libinit$$0000002A) for __rt_lib_init_argv_1
    libinit.o(.ARM.Collect$$libinit$$00000000) refers (Special) to libinit2.o(.ARM.Collect$$libinit$$00000019) for __rt_lib_init_atexit_1
    libinit.o(.ARM.Collect$$libinit$$00000000) refers (Special) to libinit2.o(.ARM.Collect$$libinit$$0000001F) for __rt_lib_init_clock_1
    libinit.o(.ARM.Collect$$libinit$$00000000) refers (Special) to libinit2.o(.ARM.Collect$$libinit$$00000030) for __rt_lib_init_cpp_1
    libinit.o(.ARM.Collect$$libinit$$00000000) refers (Special) to libinit2.o(.ARM.Collect$$libinit$$0000002E) for __rt_lib_init_exceptions_1
    libinit.o(.ARM.Collect$$libinit$$00000000) refers (Special) to libinit2.o(.ARM.Collect$$libinit$$00000002) for __rt_lib_init_fp_1
    libinit.o(.ARM.Collect$$libinit$$00000000) refers (Special) to libinit2.o(.ARM.Collect$$libinit$$0000001D) for __rt_lib_init_fp_trap_1
    libinit.o(.ARM.Collect$$libinit$$00000000) refers (Special) to libinit2.o(.ARM.Collect$$libinit$$00000021) for __rt_lib_init_getenv_1
    libinit.o(.ARM.Collect$$libinit$$00000000) refers (Special) to libinit2.o(.ARM.Collect$$libinit$$00000008) for __rt_lib_init_heap_1
    libinit.o(.ARM.Collect$$libinit$$00000000) refers (Special) to libinit2.o(.ARM.Collect$$libinit$$0000000F) for __rt_lib_init_lc_collate_1
    libinit.o(.ARM.Collect$$libinit$$00000000) refers (Special) to libinit2.o(.ARM.Collect$$libinit$$00000011) for __rt_lib_init_lc_ctype_1
    libinit.o(.ARM.Collect$$libinit$$00000000) refers (Special) to libinit2.o(.ARM.Collect$$libinit$$00000013) for __rt_lib_init_lc_monetary_1
    libinit.o(.ARM.Collect$$libinit$$00000000) refers (Special) to libinit2.o(.ARM.Collect$$libinit$$00000015) for __rt_lib_init_lc_numeric_1
    libinit.o(.ARM.Collect$$libinit$$00000000) refers (Special) to libinit2.o(.ARM.Collect$$libinit$$00000017) for __rt_lib_init_lc_time_1
    libinit.o(.ARM.Collect$$libinit$$00000000) refers (Special) to libinit2.o(.ARM.Collect$$libinit$$0000000C) for __rt_lib_init_rand_1
    libinit.o(.ARM.Collect$$libinit$$00000000) refers (Special) to libinit2.o(.ARM.Collect$$libinit$$00000031) for __rt_lib_init_return
    libinit.o(.ARM.Collect$$libinit$$00000000) refers (Special) to libinit2.o(.ARM.Collect$$libinit$$0000001B) for __rt_lib_init_signal_1
    libinit.o(.ARM.Collect$$libinit$$00000000) refers (Special) to libinit2.o(.ARM.Collect$$libinit$$00000023) for __rt_lib_init_stdio_1
    libinit.o(.ARM.Collect$$libinit$$00000000) refers (Special) to libinit2.o(.ARM.Collect$$libinit$$0000000A) for __rt_lib_init_user_alloc_1
    libspace.o(.text) refers to libspace.o(.bss) for __libspace_start
    rtexit.o(.ARM.Collect$$rtexit$$00000000) refers (Special) to rtexit2.o(.ARM.Collect$$rtexit$$00000004) for __rt_exit_exit
    rtexit.o(.ARM.Collect$$rtexit$$00000000) refers (Special) to rtexit2.o(.ARM.Collect$$rtexit$$00000003) for __rt_exit_ls
    rtexit.o(.ARM.Collect$$rtexit$$00000000) refers (Special) to rtexit2.o(.ARM.Collect$$rtexit$$00000002) for __rt_exit_prels_1
    rtexit.o(.ARM.exidx) refers (Special) to rtexit2.o(.ARM.Collect$$rtexit$$00000004) for __rt_exit_exit
    rtexit.o(.ARM.exidx) refers (Special) to rtexit2.o(.ARM.Collect$$rtexit$$00000003) for __rt_exit_ls
    rtexit.o(.ARM.exidx) refers (Special) to rtexit2.o(.ARM.Collect$$rtexit$$00000002) for __rt_exit_prels_1
    rtexit.o(.ARM.exidx) refers to rtexit.o(.ARM.Collect$$rtexit$$00000000) for .ARM.Collect$$rtexit$$00000000
    libinit2.o(.ARM.Collect$$libinit$$0000000E) refers to libinit2.o(.ARM.Collect$$libinit$$0000000D) for .ARM.Collect$$libinit$$0000000D
    libinit2.o(.ARM.Collect$$libinit$$00000010) refers to libinit2.o(.ARM.Collect$$libinit$$0000000D) for .ARM.Collect$$libinit$$0000000D
    libinit2.o(.ARM.Collect$$libinit$$00000012) refers to libinit2.o(.ARM.Collect$$libinit$$0000000D) for .ARM.Collect$$libinit$$0000000D
    libinit2.o(.ARM.Collect$$libinit$$00000014) refers to libinit2.o(.ARM.Collect$$libinit$$0000000D) for .ARM.Collect$$libinit$$0000000D
    libinit2.o(.ARM.Collect$$libinit$$00000016) refers to libinit2.o(.ARM.Collect$$libinit$$0000000D) for .ARM.Collect$$libinit$$0000000D
    libinit2.o(.ARM.Collect$$libinit$$00000024) refers to argv_veneer.o(.emb_text) for __ARM_argv_veneer
    libinit2.o(.ARM.Collect$$libinit$$00000025) refers to argv_veneer.o(.emb_text) for __ARM_argv_veneer
    rtexit2.o(.ARM.Collect$$rtexit$$00000003) refers to libshutdown.o(.ARM.Collect$$libshutdown$$00000000) for __rt_lib_shutdown
    rtexit2.o(.ARM.Collect$$rtexit$$00000004) refers to sys_exit.o(.text) for _sys_exit
    rtexit2.o(.ARM.exidx) refers to rtexit2.o(.ARM.Collect$$rtexit$$00000001) for .ARM.Collect$$rtexit$$00000001
    rtexit2.o(.ARM.exidx) refers to rtexit2.o(.ARM.Collect$$rtexit$$00000003) for .ARM.Collect$$rtexit$$00000003
    rtexit2.o(.ARM.exidx) refers to rtexit2.o(.ARM.Collect$$rtexit$$00000004) for .ARM.Collect$$rtexit$$00000004
    argv_veneer.o(.emb_text) refers to no_argv.o(.text) for __ARM_get_argv
    sys_exit.o(.text) refers (Special) to use_no_semi.o(.text) for __I$use$semihosting
    sys_exit.o(.text) refers (Special) to indicate_semi.o(.text) for __semihosting_library_function
    _get_argv_nomalloc.o(.text) refers (Special) to hrguard.o(.text) for __heap_region$guard
    _get_argv_nomalloc.o(.text) refers to defsig_rtmem_outer.o(.text) for __rt_SIGRTMEM
    _get_argv_nomalloc.o(.text) refers to sys_command.o(.text) for _sys_command_string
    libshutdown.o(.ARM.Collect$$libshutdown$$00000000) refers (Special) to libshutdown2.o(.ARM.Collect$$libshutdown$$00000006) for __rt_lib_shutdown_fp_trap_1
    libshutdown.o(.ARM.Collect$$libshutdown$$00000000) refers (Special) to libshutdown2.o(.ARM.Collect$$libshutdown$$0000000E) for __rt_lib_shutdown_heap_1
    libshutdown.o(.ARM.Collect$$libshutdown$$00000000) refers (Special) to libshutdown2.o(.ARM.Collect$$libshutdown$$0000000F) for __rt_lib_shutdown_return
    libshutdown.o(.ARM.Collect$$libshutdown$$00000000) refers (Special) to libshutdown2.o(.ARM.Collect$$libshutdown$$00000009) for __rt_lib_shutdown_signal_1
    libshutdown.o(.ARM.Collect$$libshutdown$$00000000) refers (Special) to libshutdown2.o(.ARM.Collect$$libshutdown$$00000003) for __rt_lib_shutdown_stdio_1
    libshutdown.o(.ARM.Collect$$libshutdown$$00000000) refers (Special) to libshutdown2.o(.ARM.Collect$$libshutdown$$0000000B) for __rt_lib_shutdown_user_alloc_1
    sys_command.o(.text) refers (Special) to use_no_semi.o(.text) for __I$use$semihosting
    sys_command.o(.text) refers (Special) to indicate_semi.o(.text) for __semihosting_library_function
    defsig_rtmem_outer.o(.text) refers to defsig_rtmem_inner.o(.text) for __rt_SIGRTMEM_inner
    defsig_rtmem_outer.o(.text) refers to defsig_exit.o(.text) for __sig_exit
    defsig_rtmem_formal.o(.text) refers to rt_raise.o(.text) for __rt_raise
    rt_raise.o(.text) refers to __raise.o(.text) for __raise
    rt_raise.o(.text) refers to sys_exit.o(.text) for _sys_exit
    defsig_exit.o(.text) refers to sys_exit.o(.text) for _sys_exit
    defsig_rtmem_inner.o(.text) refers to defsig_general.o(.text) for __default_signal_display
    __raise.o(.text) refers to defsig.o(CL$$defsig) for __default_signal_handler
    defsig_general.o(.text) refers to sys_wrch.o(.text) for _ttywrch
    sys_wrch.o(.text) refers (Special) to use_no_semi.o(.text) for __I$use$semihosting
    sys_wrch.o(.text) refers (Special) to indicate_semi.o(.text) for __semihosting_library_function
    defsig.o(CL$$defsig) refers to defsig_rtmem_inner.o(.text) for __rt_SIGRTMEM_inner
    defsig_abrt_inner.o(.text) refers to defsig_general.o(.text) for __default_signal_display
    defsig_fpe_inner.o(.text) refers to defsig_general.o(.text) for __default_signal_display
    defsig_rtred_inner.o(.text) refers to defsig_general.o(.text) for __default_signal_display
    defsig_stak_inner.o(.text) refers to defsig_general.o(.text) for __default_signal_display
    defsig_pvfn_inner.o(.text) refers to defsig_general.o(.text) for __default_signal_display
    defsig_cppl_inner.o(.text) refers to defsig_general.o(.text) for __default_signal_display
    defsig_segv_inner.o(.text) refers to defsig_general.o(.text) for __default_signal_display
    defsig_other.o(.text) refers to defsig_general.o(.text) for __default_signal_display


==============================================================================

Removing Unused input sections from the image.

    Removing dac.o(i.DAC_Out), (12 bytes).
    Removing dac.o(i.Timer1_Init), (96 bytes).
    Removing dac.o(i.noteinterrupt), (88 bytes).
    Removing dac.o(i.play_menu_music), (96 bytes).
    Removing dac.o(i.tempointerrupt), (44 bytes).
    Removing timer0.o(.data), (4 bytes).
    Removing timer1.o(.data), (4 bytes).
    Removing sound.o(i.Boss_ThemeSong), (2 bytes).
    Removing sound.o(i.Sound_Explosion), (20 bytes).
    Removing sound.o(i.Sound_Fastinvader1), (20 bytes).
    Removing sound.o(i.Sound_Fastinvader2), (20 bytes).
    Removing sound.o(i.Sound_Fastinvader3), (20 bytes).
    Removing sound.o(i.Sound_Fastinvader4), (20 bytes).
    Removing sound.o(i.Sound_Highpitch), (20 bytes).
    Removing sound.o(i.Sound_Init), (56 bytes).
    Removing sound.o(i.Sound_Killed), (20 bytes).
    Removing sound.o(i.Sound_Play), (36 bytes).
    Removing sound.o(i.Sound_Shoot), (20 bytes).
    Removing sound.o(.constdata), (15435 bytes).
    Removing sound.o(.data), (1 bytes).
    Removing print.o(.text), (240 bytes).
    Removing st7735.o(i.Output_Clear), (10 bytes).
    Removing st7735.o(i.Output_Color), (12 bytes).
    Removing st7735.o(i.Output_Off), (8 bytes).
    Removing st7735.o(i.Output_On), (8 bytes).
    Removing st7735.o(i.ST7735_Color565), (24 bytes).
    Removing st7735.o(i.ST7735_DrawChar), (268 bytes).
    Removing st7735.o(i.ST7735_DrawFastHLine), (124 bytes).
    Removing st7735.o(i.ST7735_DrawFastVLine), (124 bytes).
    Removing st7735.o(i.ST7735_InitB), (40 bytes).
    Removing st7735.o(i.ST7735_InvertDisplay), (22 bytes).
    Removing st7735.o(i.ST7735_OutChar), (212 bytes).
    Removing st7735.o(i.ST7735_OutString), (24 bytes).
    Removing st7735.o(i.ST7735_OutUDec), (140 bytes).
    Removing st7735.o(i.ST7735_PlotBar), (88 bytes).
    Removing st7735.o(i.ST7735_PlotClear), (92 bytes).
    Removing st7735.o(i.ST7735_PlotLine), (264 bytes).
    Removing st7735.o(i.ST7735_PlotNext), (32 bytes).
    Removing st7735.o(i.ST7735_PlotNextErase), (64 bytes).
    Removing st7735.o(i.ST7735_PlotPoint), (152 bytes).
    Removing st7735.o(i.ST7735_PlotPoints), (172 bytes).
    Removing st7735.o(i.ST7735_PlotdBfs), (60 bytes).
    Removing st7735.o(i.ST7735_SetRotation), (212 bytes).
    Removing st7735.o(i.ST7735_SetTextColor), (12 bytes).
    Removing st7735.o(i.ST7735_SwapColor), (18 bytes).
    Removing st7735.o(i.ferror), (8 bytes).
    Removing st7735.o(i.fgetc), (6 bytes).
    Removing st7735.o(i.fillmessage), (72 bytes).
    Removing st7735.o(i.fputc), (16 bytes).
    Removing st7735.o(.bss), (12 bytes).
    Removing globals.o(i.Delay75ms), (36 bytes).

51 unused section(s) (total 18606 bytes) removed from the image.

==============================================================================

Image Symbol Table

    Local Symbols

    Symbol Name                              Value     Ov Type        Size  Object(Section)

    RESET                                    0x00000000   Section      644  startup.o(RESET)
    ../clib/angel/boardlib.s                 0x00000000   Number         0  boardshut.o ABSOLUTE
    ../clib/angel/boardlib.s                 0x00000000   Number         0  boardinit1.o ABSOLUTE
    ../clib/angel/boardlib.s                 0x00000000   Number         0  boardinit2.o ABSOLUTE
    ../clib/angel/boardlib.s                 0x00000000   Number         0  boardinit3.o ABSOLUTE
    ../clib/angel/dczerorl2.s                0x00000000   Number         0  __dczerorl2.o ABSOLUTE
    ../clib/angel/handlers.s                 0x00000000   Number         0  __scatter_zi.o ABSOLUTE
    ../clib/angel/kernel.s                   0x00000000   Number         0  rtentry4.o ABSOLUTE
    ../clib/angel/kernel.s                   0x00000000   Number         0  rtentry2.o ABSOLUTE
    ../clib/angel/kernel.s                   0x00000000   Number         0  rtentry.o ABSOLUTE
    ../clib/angel/kernel.s                   0x00000000   Number         0  rtexit2.o ABSOLUTE
    ../clib/angel/kernel.s                   0x00000000   Number         0  rtexit.o ABSOLUTE
    ../clib/angel/rt.s                       0x00000000   Number         0  rt_raise.o ABSOLUTE
    ../clib/angel/scatter.s                  0x00000000   Number         0  __scatter.o ABSOLUTE
    ../clib/angel/startup.s                  0x00000000   Number         0  __main.o ABSOLUTE
    ../clib/angel/sys.s                      0x00000000   Number         0  sys_stackheap_outer.o ABSOLUTE
    ../clib/angel/sys.s                      0x00000000   Number         0  use_no_semi.o ABSOLUTE
    ../clib/angel/sys.s                      0x00000000   Number         0  libspace.o ABSOLUTE
    ../clib/angel/sys.s                      0x00000000   Number         0  indicate_semi.o ABSOLUTE
    ../clib/angel/sysapp.c                   0x00000000   Number         0  sys_exit.o ABSOLUTE
    ../clib/angel/sysapp.c                   0x00000000   Number         0  sys_wrch.o ABSOLUTE
    ../clib/angel/sysapp.c                   0x00000000   Number         0  sys_command.o ABSOLUTE
    ../clib/armsys.c                         0x00000000   Number         0  argv_veneer.o ABSOLUTE
    ../clib/armsys.c                         0x00000000   Number         0  _get_argv_nomalloc.o ABSOLUTE
    ../clib/armsys.c                         0x00000000   Number         0  argv_veneer.o ABSOLUTE
    ../clib/armsys.c                         0x00000000   Number         0  no_argv.o ABSOLUTE
    ../clib/heapalloc.c                      0x00000000   Number         0  hrguard.o ABSOLUTE
    ../clib/heapaux.c                        0x00000000   Number         0  heapauxi.o ABSOLUTE
    ../clib/libinit.s                        0x00000000   Number         0  libshutdown.o ABSOLUTE
    ../clib/libinit.s                        0x00000000   Number         0  libshutdown2.o ABSOLUTE
    ../clib/libinit.s                        0x00000000   Number         0  libinit2.o ABSOLUTE
    ../clib/libinit.s                        0x00000000   Number         0  libinit.o ABSOLUTE
    ../clib/signal.c                         0x00000000   Number         0  defsig_pvfn_inner.o ABSOLUTE
    ../clib/signal.c                         0x00000000   Number         0  defsig_abrt_inner.o ABSOLUTE
    ../clib/signal.c                         0x00000000   Number         0  defsig_fpe_inner.o ABSOLUTE
    ../clib/signal.c                         0x00000000   Number         0  defsig_general.o ABSOLUTE
    ../clib/signal.c                         0x00000000   Number         0  __raise.o ABSOLUTE
    ../clib/signal.c                         0x00000000   Number         0  defsig_rtmem_inner.o ABSOLUTE
    ../clib/signal.c                         0x00000000   Number         0  defsig_exit.o ABSOLUTE
    ../clib/signal.c                         0x00000000   Number         0  defsig_rtred_inner.o ABSOLUTE
    ../clib/signal.c                         0x00000000   Number         0  defsig_rtmem_formal.o ABSOLUTE
    ../clib/signal.c                         0x00000000   Number         0  defsig_rtmem_outer.o ABSOLUTE
    ../clib/signal.c                         0x00000000   Number         0  defsig_cppl_inner.o ABSOLUTE
    ../clib/signal.c                         0x00000000   Number         0  defsig_segv_inner.o ABSOLUTE
    ../clib/signal.c                         0x00000000   Number         0  defsig_other.o ABSOLUTE
    ../clib/signal.c                         0x00000000   Number         0  defsig_stak_inner.o ABSOLUTE
    ../clib/signal.s                         0x00000000   Number         0  defsig.o ABSOLUTE
    ../clib/stdlib.c                         0x00000000   Number         0  exit.o ABSOLUTE
    ../fplib/fpinit.s                        0x00000000   Number         0  fpinit.o ABSOLUTE
    ADC.c                                    0x00000000   Number         0  adc.o ABSOLUTE
    DAC.c                                    0x00000000   Number         0  dac.o ABSOLUTE
    Globals.c                                0x00000000   Number         0  globals.o ABSOLUTE
    Images.c                                 0x00000000   Number         0  images.o ABSOLUTE
    LCD.s                                    0x00000000   Number         0  lcd.o ABSOLUTE
    Print.s                                  0x00000000   Number         0  print.o ABSOLUTE
    ST7735.c                                 0x00000000   Number         0  st7735.o ABSOLUTE
    Sound.c                                  0x00000000   Number         0  sound.o ABSOLUTE
    SpaceInvaders.c                          0x00000000   Number         0  spaceinvaders.o ABSOLUTE
    TExaS.c                                  0x00000000   Number         0  texas.o ABSOLUTE
    Timer0.c                                 0x00000000   Number         0  timer0.o ABSOLUTE
    Timer1.c                                 0x00000000   Number         0  timer1.o ABSOLUTE
    dc.s                                     0x00000000   Number         0  dc.o ABSOLUTE
    engine.c                                 0x00000000   Number         0  engine.o ABSOLUTE
    menu.c                                   0x00000000   Number         0  menu.o ABSOLUTE
    movement.c                               0x00000000   Number         0  movement.o ABSOLUTE
    moving.c                                 0x00000000   Number         0  moving.o ABSOLUTE
    playEngine.c                             0x00000000   Number         0  playengine.o ABSOLUTE
    random.s                                 0x00000000   Number         0  random.o ABSOLUTE
    startup.s                                0x00000000   Number         0  startup.o ABSOLUTE
    !!!main                                  0x00000284   Section        8  __main.o(!!!main)
    !!!scatter                               0x0000028c   Section       52  __scatter.o(!!!scatter)
    !!dczerorl2                              0x000002c0   Section       90  __dczerorl2.o(!!dczerorl2)
    !!handler_zi                             0x0000031c   Section       28  __scatter_zi.o(!!handler_zi)
    .ARM.Collect$$libinit$$00000000          0x00000338   Section        2  libinit.o(.ARM.Collect$$libinit$$00000000)
    .ARM.Collect$$libinit$$00000002          0x0000033a   Section        0  libinit2.o(.ARM.Collect$$libinit$$00000002)
    .ARM.Collect$$libinit$$00000008          0x0000033a   Section        0  libinit2.o(.ARM.Collect$$libinit$$00000008)
    .ARM.Collect$$libinit$$0000000A          0x0000033a   Section        0  libinit2.o(.ARM.Collect$$libinit$$0000000A)
    .ARM.Collect$$libinit$$0000000C          0x0000033a   Section        0  libinit2.o(.ARM.Collect$$libinit$$0000000C)
    .ARM.Collect$$libinit$$0000000F          0x0000033a   Section        0  libinit2.o(.ARM.Collect$$libinit$$0000000F)
    .ARM.Collect$$libinit$$00000011          0x0000033a   Section        0  libinit2.o(.ARM.Collect$$libinit$$00000011)
    .ARM.Collect$$libinit$$00000013          0x0000033a   Section        0  libinit2.o(.ARM.Collect$$libinit$$00000013)
    .ARM.Collect$$libinit$$00000015          0x0000033a   Section        0  libinit2.o(.ARM.Collect$$libinit$$00000015)
    .ARM.Collect$$libinit$$00000017          0x0000033a   Section        0  libinit2.o(.ARM.Collect$$libinit$$00000017)
    .ARM.Collect$$libinit$$00000019          0x0000033a   Section        0  libinit2.o(.ARM.Collect$$libinit$$00000019)
    .ARM.Collect$$libinit$$0000001B          0x0000033a   Section        0  libinit2.o(.ARM.Collect$$libinit$$0000001B)
    .ARM.Collect$$libinit$$0000001D          0x0000033a   Section        0  libinit2.o(.ARM.Collect$$libinit$$0000001D)
    .ARM.Collect$$libinit$$0000001F          0x0000033a   Section        0  libinit2.o(.ARM.Collect$$libinit$$0000001F)
    .ARM.Collect$$libinit$$00000021          0x0000033a   Section        0  libinit2.o(.ARM.Collect$$libinit$$00000021)
    .ARM.Collect$$libinit$$00000023          0x0000033a   Section        0  libinit2.o(.ARM.Collect$$libinit$$00000023)
    .ARM.Collect$$libinit$$0000002A          0x0000033a   Section        0  libinit2.o(.ARM.Collect$$libinit$$0000002A)
    .ARM.Collect$$libinit$$0000002C          0x0000033a   Section        0  libinit2.o(.ARM.Collect$$libinit$$0000002C)
    .ARM.Collect$$libinit$$0000002E          0x0000033a   Section        0  libinit2.o(.ARM.Collect$$libinit$$0000002E)
    .ARM.Collect$$libinit$$00000030          0x0000033a   Section        0  libinit2.o(.ARM.Collect$$libinit$$00000030)
    .ARM.Collect$$libinit$$00000031          0x0000033a   Section        2  libinit2.o(.ARM.Collect$$libinit$$00000031)
    .ARM.Collect$$libshutdown$$00000000      0x0000033c   Section        2  libshutdown.o(.ARM.Collect$$libshutdown$$00000000)
    .ARM.Collect$$libshutdown$$00000003      0x0000033e   Section        0  libshutdown2.o(.ARM.Collect$$libshutdown$$00000003)
    .ARM.Collect$$libshutdown$$00000006      0x0000033e   Section        0  libshutdown2.o(.ARM.Collect$$libshutdown$$00000006)
    .ARM.Collect$$libshutdown$$00000009      0x0000033e   Section        0  libshutdown2.o(.ARM.Collect$$libshutdown$$00000009)
    .ARM.Collect$$libshutdown$$0000000B      0x0000033e   Section        0  libshutdown2.o(.ARM.Collect$$libshutdown$$0000000B)
    .ARM.Collect$$libshutdown$$0000000E      0x0000033e   Section        0  libshutdown2.o(.ARM.Collect$$libshutdown$$0000000E)
    .ARM.Collect$$libshutdown$$0000000F      0x0000033e   Section        2  libshutdown2.o(.ARM.Collect$$libshutdown$$0000000F)
    .ARM.Collect$$rtentry$$00000000          0x00000340   Section        0  rtentry.o(.ARM.Collect$$rtentry$$00000000)
    .ARM.Collect$$rtentry$$00000002          0x00000340   Section        0  rtentry2.o(.ARM.Collect$$rtentry$$00000002)
    .ARM.Collect$$rtentry$$00000004          0x00000340   Section        6  rtentry4.o(.ARM.Collect$$rtentry$$00000004)
    .ARM.Collect$$rtentry$$00000009          0x00000346   Section        0  rtentry2.o(.ARM.Collect$$rtentry$$00000009)
    .ARM.Collect$$rtentry$$0000000A          0x00000346   Section        4  rtentry2.o(.ARM.Collect$$rtentry$$0000000A)
    .ARM.Collect$$rtentry$$0000000C          0x0000034a   Section        0  rtentry2.o(.ARM.Collect$$rtentry$$0000000C)
    .ARM.Collect$$rtentry$$0000000D          0x0000034a   Section        8  rtentry2.o(.ARM.Collect$$rtentry$$0000000D)
    .ARM.Collect$$rtexit$$00000000           0x00000352   Section        2  rtexit.o(.ARM.Collect$$rtexit$$00000000)
    .ARM.Collect$$rtexit$$00000002           0x00000354   Section        0  rtexit2.o(.ARM.Collect$$rtexit$$00000002)
    .ARM.Collect$$rtexit$$00000003           0x00000354   Section        4  rtexit2.o(.ARM.Collect$$rtexit$$00000003)
    .ARM.Collect$$rtexit$$00000004           0x00000358   Section        6  rtexit2.o(.ARM.Collect$$rtexit$$00000004)
    .text                                    0x00000360   Section       48  startup.o(.text)
    .text                                    0x00000390   Section       64  random.o(.text)
    .text                                    0x000003d0   Section       80  lcd.o(.text)
    .text                                    0x00000420   Section        0  texas.o(.text)
    .text                                    0x000008c0   Section        0  heapauxi.o(.text)
    .text                                    0x000008c6   Section       74  sys_stackheap_outer.o(.text)
    .text                                    0x00000910   Section        0  exit.o(.text)
    .text                                    0x0000091c   Section        8  libspace.o(.text)
    .text                                    0x00000924   Section        0  sys_exit.o(.text)
    .text                                    0x00000930   Section        2  use_no_semi.o(.text)
    .text                                    0x00000932   Section        0  indicate_semi.o(.text)
    i.ADC_In89                               0x00000934   Section        0  adc.o(i.ADC_In89)
    i.ADC_Init89                             0x0000096c   Section        0  adc.o(i.ADC_Init89)
    i.DAC_Init                               0x00000a7c   Section        0  dac.o(i.DAC_Init)
    i.Delay100ms                             0x00000ac0   Section        0  globals.o(i.Delay100ms)
    i.Delay1ms                               0x00000ae4   Section        0  st7735.o(i.Delay1ms)
    i.Delay50ms                              0x00000b04   Section        0  globals.o(i.Delay50ms)
    i.EdgeInterrupt_Init                     0x00000b28   Section        0  adc.o(i.EdgeInterrupt_Init)
    i.GPIOPortC_Handler                      0x00000bd4   Section        0  adc.o(i.GPIOPortC_Handler)
    i.Output_Init                            0x00000c04   Section        0  st7735.o(i.Output_Init)
    i.ST7735_DrawBitmap                      0x00000c14   Section        0  st7735.o(i.ST7735_DrawBitmap)
    i.ST7735_DrawCharS                       0x00000d34   Section        0  st7735.o(i.ST7735_DrawCharS)
    i.ST7735_DrawPixel                       0x00000e28   Section        0  st7735.o(i.ST7735_DrawPixel)
    i.ST7735_DrawString                      0x00000e70   Section        0  st7735.o(i.ST7735_DrawString)
    i.ST7735_FillRect                        0x00000ec8   Section        0  st7735.o(i.ST7735_FillRect)
    i.ST7735_FillScreen                      0x00000f74   Section        0  st7735.o(i.ST7735_FillScreen)
    i.ST7735_InitR                           0x00000f98   Section        0  st7735.o(i.ST7735_InitR)
    i.ST7735_SetCursor                       0x00001014   Section        0  st7735.o(i.ST7735_SetCursor)
    i.SysTick_Handler                        0x00001034   Section        0  adc.o(i.SysTick_Handler)
    i.SysTick_Init                           0x00001050   Section        0  adc.o(i.SysTick_Init)
    i.Timer0A_Handler                        0x00001084   Section        0  dac.o(i.Timer0A_Handler)
    i.Timer0_Init                            0x0000109c   Section        0  dac.o(i.Timer0_Init)
    i.Timer1A_Handler                        0x000010fc   Section        0  dac.o(i.Timer1A_Handler)
    i.Timer3A_Handler                        0x00001114   Section        0  adc.o(i.Timer3A_Handler)
    i.Timer3_Init                            0x00001190   Section        0  adc.o(i.Timer3_Init)
    i.alien_bullets                          0x000011f8   Section        0  playengine.o(i.alien_bullets)
    i.alien_movement                         0x00001294   Section        0  playengine.o(i.alien_movement)
    i.bullet_movement                        0x00001828   Section        0  playengine.o(i.bullet_movement)
    i.checkSN                                0x00001930   Section        0  menu.o(i.checkSN)
    i.commandList                            0x0000196c   Section        0  st7735.o(i.commandList)
    commandList                              0x0000196d   Thumb Code    86  st7735.o(i.commandList)
    i.commonInit                             0x000019c4   Section        0  st7735.o(i.commonInit)
    commonInit                               0x000019c5   Thumb Code   340  st7735.o(i.commonInit)
    i.generateAliens                         0x00001b48   Section        0  playengine.o(i.generateAliens)
    i.generateBullet                         0x00001da4   Section        0  playengine.o(i.generateBullet)
    i.generateBunkers                        0x00001db8   Section        0  playengine.o(i.generateBunkers)
    i.generateDiffi                          0x00001df0   Section        0  menu.o(i.generateDiffi)
    i.generateHS                             0x00002028   Section        0  menu.o(i.generateHS)
    i.generateMenu                           0x0000202c   Section        0  menu.o(i.generateMenu)
    i.generatePlay                           0x00002210   Section        0  menu.o(i.generatePlay)
    i.generateShip                           0x00002224   Section        0  playengine.o(i.generateShip)
    i.getADCInfo                             0x00002250   Section        0  adc.o(i.getADCInfo)
    i.init_All                               0x00002278   Section        0  globals.o(i.init_All)
    i.main                                   0x0000229a   Section        0  spaceinvaders.o(i.main)
    i.moveBullet                             0x000022ac   Section        0  playengine.o(i.moveBullet)
    i.pushColor                              0x000022f4   Section        0  st7735.o(i.pushColor)
    pushColor                                0x000022f5   Thumb Code    18  st7735.o(i.pushColor)
    i.setAddrWindow                          0x00002308   Section        0  st7735.o(i.setAddrWindow)
    setAddrWindow                            0x00002309   Thumb Code   106  st7735.o(i.setAddrWindow)
    i.shipMovement                           0x0000237c   Section        0  movement.o(i.shipMovement)
    i.startEngine                            0x00002448   Section        0  playengine.o(i.startEngine)
    .constdata                               0x0000245c   Section     2018  st7735.o(.constdata)
    Font                                     0x0000245c   Data        1275  st7735.o(.constdata)
    Bcmd                                     0x00002957   Data         103  st7735.o(.constdata)
    Rcmd1                                    0x000029be   Data          59  st7735.o(.constdata)
    Rcmd2green                               0x000029f9   Data          13  st7735.o(.constdata)
    Rcmd2red                                 0x00002a06   Data          13  st7735.o(.constdata)
    Rcmd3                                    0x00002a13   Data          43  st7735.o(.constdata)
    .constdata                               0x00002c3e   Section     2708  images.o(.constdata)
    .constdata                               0x000036d2   Section       20  playengine.o(.constdata)
    .constdata                               0x000036e6   Section      240  texas.o(.constdata)
    .data                                    0x20000000   Section      352  dac.o(.data)
    .data                                    0x20000160   Section       44  st7735.o(.data)
    _width                                   0x2000016a   Data           2  st7735.o(.data)
    _height                                  0x2000016c   Data           2  st7735.o(.data)
    ColStart                                 0x20000174   Data           1  st7735.o(.data)
    RowStart                                 0x20000175   Data           1  st7735.o(.data)
    Rotation                                 0x20000176   Data           1  st7735.o(.data)
    TabColor                                 0x20000177   Data           1  st7735.o(.data)
    .data                                    0x2000018c   Section       50  menu.o(.data)
    .data                                    0x200001c0   Section       56  globals.o(.data)
    .data                                    0x200001f8   Section      656  playengine.o(.data)
    .data                                    0x20000488   Section       48  texas.o(.data)
    DATA                                     0x200004b8   Section        4  random.o(DATA)
    M                                        0x200004b8   Data           4  random.o(DATA)
    .bss                                     0x200004c0   Section       56  texas.o(.bss)
    .bss                                     0x200004f8   Section       96  libspace.o(.bss)
    HEAP                                     0x20000558   Section        0  startup.o(HEAP)
    STACK                                    0x20000558   Section     1024  startup.o(STACK)
    HeapMem                                  0x20000558   Data           0  startup.o(HEAP)
    StackMem                                 0x20000558   Data           0  startup.o(STACK)

    Global Symbols

    Symbol Name                              Value     Ov Type        Size  Object(Section)

    BuildAttributes$$THM_ISAv4$E$P$D$K$B$S$7EM$PE$A:L22UL41UL21$X:L11$S22US41US21$IEEE1$IW$USESV6$~STKCKD$USESV7$~SHL$OSPACE$ROPI$EBA8$UX$STANDARDLIB$REQ8$PRES8$EABIv2 0x00000000   Number         0  anon$$obj.o ABSOLUTE
    __ARM_use_no_argv                        0x00000000   Number         0  spaceinvaders.o ABSOLUTE
    __Vectors                                0x00000000   Data           0  startup.o(RESET)
    __ARM_exceptions_init                     - Undefined Weak Reference
    __alloca_initialize                       - Undefined Weak Reference
    __cpp_initialize__aeabi_                  - Undefined Weak Reference
    __cxa_finalize                            - Undefined Weak Reference
    __rt_locale                               - Undefined Weak Reference
    __sigvec_lookup                           - Undefined Weak Reference
    _atexit_init                              - Undefined Weak Reference
    _call_atexit_fns                          - Undefined Weak Reference
    _clock_init                               - Undefined Weak Reference
    _fp_trap_init                             - Undefined Weak Reference
    _fp_trap_shutdown                         - Undefined Weak Reference
    _get_lc_collate                           - Undefined Weak Reference
    _get_lc_ctype                             - Undefined Weak Reference
    _get_lc_monetary                          - Undefined Weak Reference
    _get_lc_numeric                           - Undefined Weak Reference
    _get_lc_time                              - Undefined Weak Reference
    _getenv_init                              - Undefined Weak Reference
    _handle_redirection                       - Undefined Weak Reference
    _init_alloc                               - Undefined Weak Reference
    _init_user_alloc                          - Undefined Weak Reference
    _initio                                   - Undefined Weak Reference
    _rand_init                                - Undefined Weak Reference
    _signal_finish                            - Undefined Weak Reference
    _signal_init                              - Undefined Weak Reference
    _terminate_alloc                          - Undefined Weak Reference
    _terminate_user_alloc                     - Undefined Weak Reference
    _terminateio                              - Undefined Weak Reference
    Reset_Handler                            0x0000026d   Thumb Code     0  startup.o(RESET)
    NMI_Handler                              0x00000271   Thumb Code     2  startup.o(RESET)
    HardFault_Handler                        0x00000273   Thumb Code     2  startup.o(RESET)
    MemManage_Handler                        0x00000275   Thumb Code     2  startup.o(RESET)
    BusFault_Handler                         0x00000277   Thumb Code     2  startup.o(RESET)
    UsageFault_Handler                       0x00000279   Thumb Code     2  startup.o(RESET)
    SVC_Handler                              0x0000027b   Thumb Code     2  startup.o(RESET)
    DebugMon_Handler                         0x0000027d   Thumb Code     2  startup.o(RESET)
    PendSV_Handler                           0x0000027f   Thumb Code     2  startup.o(RESET)
    ADC0Seq0_Handler                         0x00000283   Thumb Code     0  startup.o(RESET)
    ADC0Seq1_Handler                         0x00000283   Thumb Code     0  startup.o(RESET)
    ADC0Seq2_Handler                         0x00000283   Thumb Code     0  startup.o(RESET)
    ADC0Seq3_Handler                         0x00000283   Thumb Code     0  startup.o(RESET)
    ADC1Seq0_Handler                         0x00000283   Thumb Code     0  startup.o(RESET)
    ADC1Seq1_Handler                         0x00000283   Thumb Code     0  startup.o(RESET)
    ADC1Seq2_Handler                         0x00000283   Thumb Code     0  startup.o(RESET)
    ADC1Seq3_Handler                         0x00000283   Thumb Code     0  startup.o(RESET)
    CAN0_Handler                             0x00000283   Thumb Code     0  startup.o(RESET)
    CAN1_Handler                             0x00000283   Thumb Code     0  startup.o(RESET)
    CAN2_Handler                             0x00000283   Thumb Code     0  startup.o(RESET)
    Comp0_Handler                            0x00000283   Thumb Code     0  startup.o(RESET)
    Comp1_Handler                            0x00000283   Thumb Code     0  startup.o(RESET)
    Comp2_Handler                            0x00000283   Thumb Code     0  startup.o(RESET)
    Ethernet_Handler                         0x00000283   Thumb Code     0  startup.o(RESET)
    ExtBus_Handler                           0x00000283   Thumb Code     0  startup.o(RESET)
    FPU_Handler                              0x00000283   Thumb Code     0  startup.o(RESET)
    Fan0_Handler                             0x00000283   Thumb Code     0  startup.o(RESET)
    FlashCtl_Handler                         0x00000283   Thumb Code     0  startup.o(RESET)
    GPIOPortA_Handler                        0x00000283   Thumb Code     0  startup.o(RESET)
    GPIOPortB_Handler                        0x00000283   Thumb Code     0  startup.o(RESET)
    GPIOPortD_Handler                        0x00000283   Thumb Code     0  startup.o(RESET)
    GPIOPortE_Handler                        0x00000283   Thumb Code     0  startup.o(RESET)
    GPIOPortF_Handler                        0x00000283   Thumb Code     0  startup.o(RESET)
    GPIOPortG_Handler                        0x00000283   Thumb Code     0  startup.o(RESET)
    GPIOPortH_Handler                        0x00000283   Thumb Code     0  startup.o(RESET)
    GPIOPortJ_Handler                        0x00000283   Thumb Code     0  startup.o(RESET)
    GPIOPortK_Handler                        0x00000283   Thumb Code     0  startup.o(RESET)
    GPIOPortL_Handler                        0x00000283   Thumb Code     0  startup.o(RESET)
    GPIOPortM_Handler                        0x00000283   Thumb Code     0  startup.o(RESET)
    GPIOPortN_Handler                        0x00000283   Thumb Code     0  startup.o(RESET)
    GPIOPortP1_Handler                       0x00000283   Thumb Code     0  startup.o(RESET)
    GPIOPortP2_Handler                       0x00000283   Thumb Code     0  startup.o(RESET)
    GPIOPortP3_Handler                       0x00000283   Thumb Code     0  startup.o(RESET)
    GPIOPortP4_Handler                       0x00000283   Thumb Code     0  startup.o(RESET)
    GPIOPortP5_Handler                       0x00000283   Thumb Code     0  startup.o(RESET)
    GPIOPortP6_Handler                       0x00000283   Thumb Code     0  startup.o(RESET)
    GPIOPortP7_Handler                       0x00000283   Thumb Code     0  startup.o(RESET)
    GPIOPortP_Handler                        0x00000283   Thumb Code     0  startup.o(RESET)
    GPIOPortQ1_Handler                       0x00000283   Thumb Code     0  startup.o(RESET)
    GPIOPortQ2_Handler                       0x00000283   Thumb Code     0  startup.o(RESET)
    GPIOPortQ3_Handler                       0x00000283   Thumb Code     0  startup.o(RESET)
    GPIOPortQ4_Handler                       0x00000283   Thumb Code     0  startup.o(RESET)
    GPIOPortQ5_Handler                       0x00000283   Thumb Code     0  startup.o(RESET)
    GPIOPortQ6_Handler                       0x00000283   Thumb Code     0  startup.o(RESET)
    GPIOPortQ7_Handler                       0x00000283   Thumb Code     0  startup.o(RESET)
    GPIOPortQ_Handler                        0x00000283   Thumb Code     0  startup.o(RESET)
    GPIOPortR_Handler                        0x00000283   Thumb Code     0  startup.o(RESET)
    GPIOPortS_Handler                        0x00000283   Thumb Code     0  startup.o(RESET)
    Hibernate_Handler                        0x00000283   Thumb Code     0  startup.o(RESET)
    I2C0_Handler                             0x00000283   Thumb Code     0  startup.o(RESET)
    I2C1_Handler                             0x00000283   Thumb Code     0  startup.o(RESET)
    I2C2_Handler                             0x00000283   Thumb Code     0  startup.o(RESET)
    I2C3_Handler                             0x00000283   Thumb Code     0  startup.o(RESET)
    I2C4_Handler                             0x00000283   Thumb Code     0  startup.o(RESET)
    I2C5_Handler                             0x00000283   Thumb Code     0  startup.o(RESET)
    I2S0_Handler                             0x00000283   Thumb Code     0  startup.o(RESET)
    LPC0_Handler                             0x00000283   Thumb Code     0  startup.o(RESET)
    PECI0_Handler                            0x00000283   Thumb Code     0  startup.o(RESET)
    PWM0Fault_Handler                        0x00000283   Thumb Code     0  startup.o(RESET)
    PWM0Generator0_Handler                   0x00000283   Thumb Code     0  startup.o(RESET)
    PWM0Generator1_Handler                   0x00000283   Thumb Code     0  startup.o(RESET)
    PWM0Generator2_Handler                   0x00000283   Thumb Code     0  startup.o(RESET)
    PWM0Generator3_Handler                   0x00000283   Thumb Code     0  startup.o(RESET)
    PWM1Fault_Handler                        0x00000283   Thumb Code     0  startup.o(RESET)
    PWM1Generator0_Handler                   0x00000283   Thumb Code     0  startup.o(RESET)
    PWM1Generator1_Handler                   0x00000283   Thumb Code     0  startup.o(RESET)
    PWM1Generator2_Handler                   0x00000283   Thumb Code     0  startup.o(RESET)
    PWM1Generator3_Handler                   0x00000283   Thumb Code     0  startup.o(RESET)
    Quadrature0_Handler                      0x00000283   Thumb Code     0  startup.o(RESET)
    Quadrature1_Handler                      0x00000283   Thumb Code     0  startup.o(RESET)
    Quadrature2_Handler                      0x00000283   Thumb Code     0  startup.o(RESET)
    SSI0_Handler                             0x00000283   Thumb Code     0  startup.o(RESET)
    SSI1_Handler                             0x00000283   Thumb Code     0  startup.o(RESET)
    SSI2_Handler                             0x00000283   Thumb Code     0  startup.o(RESET)
    SSI3_Handler                             0x00000283   Thumb Code     0  startup.o(RESET)
    SysCtl_Handler                           0x00000283   Thumb Code     0  startup.o(RESET)
    Timer0B_Handler                          0x00000283   Thumb Code     0  startup.o(RESET)
    Timer1B_Handler                          0x00000283   Thumb Code     0  startup.o(RESET)
    Timer2A_Handler                          0x00000283   Thumb Code     0  startup.o(RESET)
    Timer2B_Handler                          0x00000283   Thumb Code     0  startup.o(RESET)
    Timer3B_Handler                          0x00000283   Thumb Code     0  startup.o(RESET)
    Timer4B_Handler                          0x00000283   Thumb Code     0  startup.o(RESET)
    Timer5B_Handler                          0x00000283   Thumb Code     0  startup.o(RESET)
    UART0_Handler                            0x00000283   Thumb Code     0  startup.o(RESET)
    UART1_Handler                            0x00000283   Thumb Code     0  startup.o(RESET)
    UART2_Handler                            0x00000283   Thumb Code     0  startup.o(RESET)
    UART3_Handler                            0x00000283   Thumb Code     0  startup.o(RESET)
    UART4_Handler                            0x00000283   Thumb Code     0  startup.o(RESET)
    UART5_Handler                            0x00000283   Thumb Code     0  startup.o(RESET)
    UART6_Handler                            0x00000283   Thumb Code     0  startup.o(RESET)
    UART7_Handler                            0x00000283   Thumb Code     0  startup.o(RESET)
    USB0_Handler                             0x00000283   Thumb Code     0  startup.o(RESET)
    WDT_Handler                              0x00000283   Thumb Code     0  startup.o(RESET)
    WideTimer0A_Handler                      0x00000283   Thumb Code     0  startup.o(RESET)
    WideTimer0B_Handler                      0x00000283   Thumb Code     0  startup.o(RESET)
    WideTimer1A_Handler                      0x00000283   Thumb Code     0  startup.o(RESET)
    WideTimer1B_Handler                      0x00000283   Thumb Code     0  startup.o(RESET)
    WideTimer2A_Handler                      0x00000283   Thumb Code     0  startup.o(RESET)
    WideTimer2B_Handler                      0x00000283   Thumb Code     0  startup.o(RESET)
    WideTimer3A_Handler                      0x00000283   Thumb Code     0  startup.o(RESET)
    WideTimer3B_Handler                      0x00000283   Thumb Code     0  startup.o(RESET)
    WideTimer4A_Handler                      0x00000283   Thumb Code     0  startup.o(RESET)
    WideTimer4B_Handler                      0x00000283   Thumb Code     0  startup.o(RESET)
    WideTimer5A_Handler                      0x00000283   Thumb Code     0  startup.o(RESET)
    WideTimer5B_Handler                      0x00000283   Thumb Code     0  startup.o(RESET)
    uDMA_Error                               0x00000283   Thumb Code     0  startup.o(RESET)
    uDMA_Handler                             0x00000283   Thumb Code     0  startup.o(RESET)
    __main                                   0x00000285   Thumb Code     8  __main.o(!!!main)
    __scatterload                            0x0000028d   Thumb Code     0  __scatter.o(!!!scatter)
    __scatterload_rt2                        0x0000028d   Thumb Code    44  __scatter.o(!!!scatter)
    __scatterload_rt2_thumb_only             0x0000028d   Thumb Code     0  __scatter.o(!!!scatter)
    __scatterload_null                       0x0000029b   Thumb Code     0  __scatter.o(!!!scatter)
    __decompress                             0x000002c1   Thumb Code    90  __dczerorl2.o(!!dczerorl2)
    __decompress1                            0x000002c1   Thumb Code     0  __dczerorl2.o(!!dczerorl2)
    __scatterload_zeroinit                   0x0000031d   Thumb Code    28  __scatter_zi.o(!!handler_zi)
    __rt_lib_init                            0x00000339   Thumb Code     0  libinit.o(.ARM.Collect$$libinit$$00000000)
    __rt_lib_init_alloca_1                   0x0000033b   Thumb Code     0  libinit2.o(.ARM.Collect$$libinit$$0000002C)
    __rt_lib_init_argv_1                     0x0000033b   Thumb Code     0  libinit2.o(.ARM.Collect$$libinit$$0000002A)
    __rt_lib_init_atexit_1                   0x0000033b   Thumb Code     0  libinit2.o(.ARM.Collect$$libinit$$00000019)
    __rt_lib_init_clock_1                    0x0000033b   Thumb Code     0  libinit2.o(.ARM.Collect$$libinit$$0000001F)
    __rt_lib_init_cpp_1                      0x0000033b   Thumb Code     0  libinit2.o(.ARM.Collect$$libinit$$00000030)
    __rt_lib_init_exceptions_1               0x0000033b   Thumb Code     0  libinit2.o(.ARM.Collect$$libinit$$0000002E)
    __rt_lib_init_fp_1                       0x0000033b   Thumb Code     0  libinit2.o(.ARM.Collect$$libinit$$00000002)
    __rt_lib_init_fp_trap_1                  0x0000033b   Thumb Code     0  libinit2.o(.ARM.Collect$$libinit$$0000001D)
    __rt_lib_init_getenv_1                   0x0000033b   Thumb Code     0  libinit2.o(.ARM.Collect$$libinit$$00000021)
    __rt_lib_init_heap_1                     0x0000033b   Thumb Code     0  libinit2.o(.ARM.Collect$$libinit$$00000008)
    __rt_lib_init_lc_collate_1               0x0000033b   Thumb Code     0  libinit2.o(.ARM.Collect$$libinit$$0000000F)
    __rt_lib_init_lc_ctype_1                 0x0000033b   Thumb Code     0  libinit2.o(.ARM.Collect$$libinit$$00000011)
    __rt_lib_init_lc_monetary_1              0x0000033b   Thumb Code     0  libinit2.o(.ARM.Collect$$libinit$$00000013)
    __rt_lib_init_lc_numeric_1               0x0000033b   Thumb Code     0  libinit2.o(.ARM.Collect$$libinit$$00000015)
    __rt_lib_init_lc_time_1                  0x0000033b   Thumb Code     0  libinit2.o(.ARM.Collect$$libinit$$00000017)
    __rt_lib_init_rand_1                     0x0000033b   Thumb Code     0  libinit2.o(.ARM.Collect$$libinit$$0000000C)
    __rt_lib_init_return                     0x0000033b   Thumb Code     0  libinit2.o(.ARM.Collect$$libinit$$00000031)
    __rt_lib_init_signal_1                   0x0000033b   Thumb Code     0  libinit2.o(.ARM.Collect$$libinit$$0000001B)
    __rt_lib_init_stdio_1                    0x0000033b   Thumb Code     0  libinit2.o(.ARM.Collect$$libinit$$00000023)
    __rt_lib_init_user_alloc_1               0x0000033b   Thumb Code     0  libinit2.o(.ARM.Collect$$libinit$$0000000A)
    __rt_lib_shutdown                        0x0000033d   Thumb Code     0  libshutdown.o(.ARM.Collect$$libshutdown$$00000000)
    __rt_lib_shutdown_fp_trap_1              0x0000033f   Thumb Code     0  libshutdown2.o(.ARM.Collect$$libshutdown$$00000006)
    __rt_lib_shutdown_heap_1                 0x0000033f   Thumb Code     0  libshutdown2.o(.ARM.Collect$$libshutdown$$0000000E)
    __rt_lib_shutdown_return                 0x0000033f   Thumb Code     0  libshutdown2.o(.ARM.Collect$$libshutdown$$0000000F)
    __rt_lib_shutdown_signal_1               0x0000033f   Thumb Code     0  libshutdown2.o(.ARM.Collect$$libshutdown$$00000009)
    __rt_lib_shutdown_stdio_1                0x0000033f   Thumb Code     0  libshutdown2.o(.ARM.Collect$$libshutdown$$00000003)
    __rt_lib_shutdown_user_alloc_1           0x0000033f   Thumb Code     0  libshutdown2.o(.ARM.Collect$$libshutdown$$0000000B)
    __rt_entry                               0x00000341   Thumb Code     0  rtentry.o(.ARM.Collect$$rtentry$$00000000)
    __rt_entry_presh_1                       0x00000341   Thumb Code     0  rtentry2.o(.ARM.Collect$$rtentry$$00000002)
    __rt_entry_sh                            0x00000341   Thumb Code     0  rtentry4.o(.ARM.Collect$$rtentry$$00000004)
    __rt_entry_li                            0x00000347   Thumb Code     0  rtentry2.o(.ARM.Collect$$rtentry$$0000000A)
    __rt_entry_postsh_1                      0x00000347   Thumb Code     0  rtentry2.o(.ARM.Collect$$rtentry$$00000009)
    __rt_entry_main                          0x0000034b   Thumb Code     0  rtentry2.o(.ARM.Collect$$rtentry$$0000000D)
    __rt_entry_postli_1                      0x0000034b   Thumb Code     0  rtentry2.o(.ARM.Collect$$rtentry$$0000000C)
    __rt_exit                                0x00000353   Thumb Code     0  rtexit.o(.ARM.Collect$$rtexit$$00000000)
    __rt_exit_ls                             0x00000355   Thumb Code     0  rtexit2.o(.ARM.Collect$$rtexit$$00000003)
    __rt_exit_prels_1                        0x00000355   Thumb Code     0  rtexit2.o(.ARM.Collect$$rtexit$$00000002)
    __rt_exit_exit                           0x00000359   Thumb Code     0  rtexit2.o(.ARM.Collect$$rtexit$$00000004)
    DisableInterrupts                        0x00000361   Thumb Code     0  startup.o(.text)
    EnableInterrupts                         0x00000365   Thumb Code     0  startup.o(.text)
    StartCritical                            0x00000369   Thumb Code     0  startup.o(.text)
    EndCritical                              0x00000371   Thumb Code     0  startup.o(.text)
    WaitForInterrupt                         0x00000377   Thumb Code     0  startup.o(.text)
    __user_initial_stackheap                 0x0000037b   Thumb Code     0  startup.o(.text)
    Random_Init                              0x00000391   Thumb Code     0  random.o(.text)
    Random32                                 0x0000039b   Thumb Code     2  random.o(.text)
    Random                                   0x000003ad   Thumb Code     2  random.o(.text)
    writecommand                             0x000003d1   Thumb Code     0  lcd.o(.text)
    writedata                                0x000003f9   Thumb Code     0  lcd.o(.text)
    ADC1_Init                                0x00000421   Thumb Code   170  texas.o(.text)
    SetCode                                  0x000004cb   Thumb Code    20  texas.o(.text)
    UART0_Init                               0x000004df   Thumb Code   162  texas.o(.text)
    SetCourse                                0x00000581   Thumb Code    22  texas.o(.text)
    PLL_Init                                 0x00000597   Thumb Code   118  texas.o(.text)
    TExaS_Init                               0x0000060d   Thumb Code   282  texas.o(.text)
    StopTimer4                               0x00000727   Thumb Code    16  texas.o(.text)
    StartTimer4                              0x00000737   Thumb Code    24  texas.o(.text)
    Timer4A_Handler                          0x0000074f   Thumb Code    20  texas.o(.text)
    ADC1_In                                  0x00000763   Thumb Code     6  texas.o(.text)
    Timer5A_Handler                          0x00000769   Thumb Code    34  texas.o(.text)
    TExaS_Stop                               0x0000078b   Thumb Code    18  texas.o(.text)
    copy                                     0x0000079d   Thumb Code    16  texas.o(.text)
    SetMode                                  0x000007ad   Thumb Code    22  texas.o(.text)
    UART0_InChar                             0x000007c3   Thumb Code    20  texas.o(.text)
    UART0_InCharNonBlocking                  0x000007d7   Thumb Code    22  texas.o(.text)
    UART0_OutChar                            0x000007ed   Thumb Code   200  texas.o(.text)
    UART0_OutCharNonBlock                    0x000008b5   Thumb Code     6  texas.o(.text)
    __use_two_region_memory                  0x000008c1   Thumb Code     2  heapauxi.o(.text)
    __rt_heap_escrow$2region                 0x000008c3   Thumb Code     2  heapauxi.o(.text)
    __rt_heap_expand$2region                 0x000008c5   Thumb Code     2  heapauxi.o(.text)
    __user_setup_stackheap                   0x000008c7   Thumb Code    74  sys_stackheap_outer.o(.text)
    exit                                     0x00000911   Thumb Code    12  exit.o(.text)
    __user_libspace                          0x0000091d   Thumb Code     8  libspace.o(.text)
    __user_perproc_libspace                  0x0000091d   Thumb Code     0  libspace.o(.text)
    __user_perthread_libspace                0x0000091d   Thumb Code     0  libspace.o(.text)
    _sys_exit                                0x00000925   Thumb Code     8  sys_exit.o(.text)
    __I$use$semihosting                      0x00000931   Thumb Code     0  use_no_semi.o(.text)
    __use_no_semihosting_swi                 0x00000931   Thumb Code     2  use_no_semi.o(.text)
    __semihosting_library_function           0x00000933   Thumb Code     0  indicate_semi.o(.text)
    ADC_In89                                 0x00000935   Thumb Code    48  adc.o(i.ADC_In89)
    ADC_Init89                               0x0000096d   Thumb Code   240  adc.o(i.ADC_Init89)
    DAC_Init                                 0x00000a7d   Thumb Code    54  dac.o(i.DAC_Init)
    Delay100ms                               0x00000ac1   Thumb Code    30  globals.o(i.Delay100ms)
    Delay1ms                                 0x00000ae5   Thumb Code    32  st7735.o(i.Delay1ms)
    Delay50ms                                0x00000b05   Thumb Code    30  globals.o(i.Delay50ms)
    EdgeInterrupt_Init                       0x00000b29   Thumb Code   156  adc.o(i.EdgeInterrupt_Init)
    GPIOPortC_Handler                        0x00000bd5   Thumb Code    36  adc.o(i.GPIOPortC_Handler)
    Output_Init                              0x00000c05   Thumb Code    16  st7735.o(i.Output_Init)
    ST7735_DrawBitmap                        0x00000c15   Thumb Code   280  st7735.o(i.ST7735_DrawBitmap)
    ST7735_DrawCharS                         0x00000d35   Thumb Code   232  st7735.o(i.ST7735_DrawCharS)
    ST7735_DrawPixel                         0x00000e29   Thumb Code    64  st7735.o(i.ST7735_DrawPixel)
    ST7735_DrawString                        0x00000e71   Thumb Code    86  st7735.o(i.ST7735_DrawString)
    ST7735_FillRect                          0x00000ec9   Thumb Code   164  st7735.o(i.ST7735_FillRect)
    ST7735_FillScreen                        0x00000f75   Thumb Code    28  st7735.o(i.ST7735_FillScreen)
    ST7735_InitR                             0x00000f99   Thumb Code    90  st7735.o(i.ST7735_InitR)
    ST7735_SetCursor                         0x00001015   Thumb Code    22  st7735.o(i.ST7735_SetCursor)
    SysTick_Handler                          0x00001035   Thumb Code    20  adc.o(i.SysTick_Handler)
    SysTick_Init                             0x00001051   Thumb Code    42  adc.o(i.SysTick_Init)
    Timer0A_Handler                          0x00001085   Thumb Code    16  dac.o(i.Timer0A_Handler)
    Timer0_Init                              0x0000109d   Thumb Code    76  dac.o(i.Timer0_Init)
    Timer1A_Handler                          0x000010fd   Thumb Code    16  dac.o(i.Timer1A_Handler)
    Timer3A_Handler                          0x00001115   Thumb Code    98  adc.o(i.Timer3A_Handler)
    Timer3_Init                              0x00001191   Thumb Code    82  adc.o(i.Timer3_Init)
    alien_bullets                            0x000011f9   Thumb Code   140  playengine.o(i.alien_bullets)
    alien_movement                           0x00001295   Thumb Code  1410  playengine.o(i.alien_movement)
    bullet_movement                          0x00001829   Thumb Code   256  playengine.o(i.bullet_movement)
    checkSN                                  0x00001931   Thumb Code    54  menu.o(i.checkSN)
    generateAliens                           0x00001b49   Thumb Code   580  playengine.o(i.generateAliens)
    generateBullet                           0x00001da5   Thumb Code    16  playengine.o(i.generateBullet)
    generateBunkers                          0x00001db9   Thumb Code    52  playengine.o(i.generateBunkers)
    generateDiffi                            0x00001df1   Thumb Code   540  menu.o(i.generateDiffi)
    generateHS                               0x00002029   Thumb Code     2  menu.o(i.generateHS)
    generateMenu                             0x0000202d   Thumb Code   458  menu.o(i.generateMenu)
    generatePlay                             0x00002211   Thumb Code    18  menu.o(i.generatePlay)
    generateShip                             0x00002225   Thumb Code    36  playengine.o(i.generateShip)
    getADCInfo                               0x00002251   Thumb Code    26  adc.o(i.getADCInfo)
    init_All                                 0x00002279   Thumb Code    34  globals.o(i.init_All)
    main                                     0x0000229b   Thumb Code    18  spaceinvaders.o(i.main)
    moveBullet                               0x000022ad   Thumb Code    66  playengine.o(i.moveBullet)
    shipMovement                             0x0000237d   Thumb Code   188  movement.o(i.shipMovement)
    startEngine                              0x00002449   Thumb Code    20  playengine.o(i.startEngine)
    dBfs                                     0x00002a3e   Data         512  st7735.o(.constdata)
    SmallEnemy10pointA                       0x00002c3e   Data         320  images.o(.constdata)
    SmallEnemy10pointB                       0x00002d7e   Data         320  images.o(.constdata)
    SmallEnemy20pointA                       0x00002ebe   Data         320  images.o(.constdata)
    SmallEnemy20pointB                       0x00002ffe   Data         320  images.o(.constdata)
    SmallEnemy30pointA                       0x0000313e   Data         320  images.o(.constdata)
    SmallEnemy30pointB                       0x0000327e   Data         320  images.o(.constdata)
    PlayerShip0                              0x000033be   Data         288  images.o(.constdata)
    Bunker0                                  0x000034de   Data         180  images.o(.constdata)
    black                                    0x00003592   Data         320  images.o(.constdata)
    bullets                                  0x000036d2   Data          20  playengine.o(.constdata)
    InputPortMsg                             0x000036e6   Data          40  texas.o(.constdata)
    OutputPortMsg                            0x0000370e   Data          40  texas.o(.constdata)
    BlankMsg                                 0x00003736   Data          40  texas.o(.constdata)
    InitializedMsg                           0x0000375e   Data          40  texas.o(.constdata)
    IntroMsg                                 0x00003786   Data          40  texas.o(.constdata)
    DoneMsg                                  0x000037ae   Data          40  texas.o(.constdata)
    Region$$Table$$Base                      0x000037d8   Number         0  anon$$obj.o(Region$$Table)
    Region$$Table$$Limit                     0x000037f8   Number         0  anon$$obj.o(Region$$Table)
    i                                        0x20000000   Data           4  dac.o(.data)
    cs                                       0x20000004   Data           4  dac.o(.data)
    flag                                     0x20000008   Data           4  dac.o(.data)
    dac_wave                                 0x2000000c   Data          64  dac.o(.data)
    menu_song                                0x2000004c   Data         272  dac.o(.data)
    PeriodicTask                             0x2000015c   Data           4  dac.o(.data)
    StX                                      0x20000160   Data           4  st7735.o(.data)
    StY                                      0x20000164   Data           4  st7735.o(.data)
    StTextColor                              0x20000168   Data           2  st7735.o(.data)
    lastj                                    0x20000170   Data           4  st7735.o(.data)
    Messageindex                             0x20000178   Data           4  st7735.o(.data)
    Ymax                                     0x2000017c   Data           4  st7735.o(.data)
    Ymin                                     0x20000180   Data           4  st7735.o(.data)
    X                                        0x20000184   Data           4  st7735.o(.data)
    Yrange                                   0x20000188   Data           4  st7735.o(.data)
    playMenuString                           0x2000018c   Data           5  menu.o(.data)
    diffiMenuString                          0x20000191   Data          11  menu.o(.data)
    highscoreMenuString                      0x2000019c   Data          12  menu.o(.data)
    diffiEasy                                0x200001a8   Data           5  menu.o(.data)
    diffiMed                                 0x200001ad   Data           7  menu.o(.data)
    diffiHard                                0x200001b4   Data           5  menu.o(.data)
    diffiBack                                0x200001b9   Data           5  menu.o(.data)
    playerShip_x                             0x200001c0   Data           4  globals.o(.data)
    ADCvalue                                 0x200001c4   Data           8  globals.o(.data)
    screen_num                               0x200001cc   Data           4  globals.o(.data)
    testC                                    0x200001d0   Data           4  globals.o(.data)
    shotFired_flag                           0x200001d4   Data           4  globals.o(.data)
    shotFired_ticks                          0x200001d8   Data           4  globals.o(.data)
    hori                                     0x200001dc   Data           4  globals.o(.data)
    verti                                    0x200001e0   Data           4  globals.o(.data)
    frameFlag                                0x200001e4   Data           4  globals.o(.data)
    gameReady                                0x200001e8   Data           4  globals.o(.data)
    up_down                                  0x200001ec   Data           4  globals.o(.data)
    left_right                               0x200001f0   Data           4  globals.o(.data)
    buttonPress                              0x200001f4   Data           4  globals.o(.data)
    bullet_l                                 0x200001f8   Data           8  playengine.o(.data)
    bullet_t                                 0x20000200   Data          72  playengine.o(.data)
    matrix                                   0x20000248   Data         576  playengine.o(.data)
    TExaS_Period                             0x20000488   Data           4  texas.o(.data)
    TExaS_Ports                              0x2000048c   Data           8  texas.o(.data)
    TExaS_Meter                              0x20000494   Data           4  texas.o(.data)
    ADCnum                                   0x20000498   Data           4  texas.o(.data)
    LastMode                                 0x2000049c   Data           4  texas.o(.data)
    bFlag                                    0x200004a0   Data           4  texas.o(.data)
    Count                                    0x200004a4   Data           4  texas.o(.data)
    DelayBetweenTests                        0x200004a8   Data           4  texas.o(.data)
    TExaS_Test                               0x200004ac   Data           4  texas.o(.data)
    ScopeMode                                0x200004b0   Data           4  texas.o(.data)
    ScopeCount                               0x200004b4   Data           4  texas.o(.data)
    TExaS                                    0x200004c0   Data          56  texas.o(.bss)
    __libspace_start                         0x200004f8   Data          96  libspace.o(.bss)
    __temporary_stack_top$libspace           0x20000558   Data           0  libspace.o(.bss)



==============================================================================

Memory Map of the image

  Image Entry point : 0x0000026d

  Load Region LR_1 (Base: 0x00000000, Size: 0x00003cb4, Max: 0xffffffff, ABSOLUTE, COMPRESSED[0x0000395c])

    Execution Region ER_RO (Base: 0x00000000, Size: 0x000037f8, Max: 0xffffffff, ABSOLUTE)

    Base Addr    Size         Type   Attr      Idx    E Section Name        Object

    0x00000000   0x00000284   Code   RO            3  * RESET               startup.o
    0x00000284   0x00000008   Code   RO          721  * !!!main             c_w.l(__main.o)
    0x0000028c   0x00000034   Code   RO          877    !!!scatter          c_w.l(__scatter.o)
    0x000002c0   0x0000005a   Code   RO          875    !!dczerorl2         c_w.l(__dczerorl2.o)
    0x0000031a   0x00000002   PAD
    0x0000031c   0x0000001c   Code   RO          879    !!handler_zi        c_w.l(__scatter_zi.o)
    0x00000338   0x00000002   Code   RO          748    .ARM.Collect$$libinit$$00000000  c_w.l(libinit.o)
    0x0000033a   0x00000000   Code   RO          755    .ARM.Collect$$libinit$$00000002  c_w.l(libinit2.o)
    0x0000033a   0x00000000   Code   RO          758    .ARM.Collect$$libinit$$00000008  c_w.l(libinit2.o)
    0x0000033a   0x00000000   Code   RO          760    .ARM.Collect$$libinit$$0000000A  c_w.l(libinit2.o)
    0x0000033a   0x00000000   Code   RO          762    .ARM.Collect$$libinit$$0000000C  c_w.l(libinit2.o)
    0x0000033a   0x00000000   Code   RO          765    .ARM.Collect$$libinit$$0000000F  c_w.l(libinit2.o)
    0x0000033a   0x00000000   Code   RO          767    .ARM.Collect$$libinit$$00000011  c_w.l(libinit2.o)
    0x0000033a   0x00000000   Code   RO          769    .ARM.Collect$$libinit$$00000013  c_w.l(libinit2.o)
    0x0000033a   0x00000000   Code   RO          771    .ARM.Collect$$libinit$$00000015  c_w.l(libinit2.o)
    0x0000033a   0x00000000   Code   RO          773    .ARM.Collect$$libinit$$00000017  c_w.l(libinit2.o)
    0x0000033a   0x00000000   Code   RO          775    .ARM.Collect$$libinit$$00000019  c_w.l(libinit2.o)
    0x0000033a   0x00000000   Code   RO          777    .ARM.Collect$$libinit$$0000001B  c_w.l(libinit2.o)
    0x0000033a   0x00000000   Code   RO          779    .ARM.Collect$$libinit$$0000001D  c_w.l(libinit2.o)
    0x0000033a   0x00000000   Code   RO          781    .ARM.Collect$$libinit$$0000001F  c_w.l(libinit2.o)
    0x0000033a   0x00000000   Code   RO          783    .ARM.Collect$$libinit$$00000021  c_w.l(libinit2.o)
    0x0000033a   0x00000000   Code   RO          785    .ARM.Collect$$libinit$$00000023  c_w.l(libinit2.o)
    0x0000033a   0x00000000   Code   RO          789    .ARM.Collect$$libinit$$0000002A  c_w.l(libinit2.o)
    0x0000033a   0x00000000   Code   RO          791    .ARM.Collect$$libinit$$0000002C  c_w.l(libinit2.o)
    0x0000033a   0x00000000   Code   RO          793    .ARM.Collect$$libinit$$0000002E  c_w.l(libinit2.o)
    0x0000033a   0x00000000   Code   RO          795    .ARM.Collect$$libinit$$00000030  c_w.l(libinit2.o)
    0x0000033a   0x00000002   Code   RO          796    .ARM.Collect$$libinit$$00000031  c_w.l(libinit2.o)
    0x0000033c   0x00000002   Code   RO          816    .ARM.Collect$$libshutdown$$00000000  c_w.l(libshutdown.o)
    0x0000033e   0x00000000   Code   RO          830    .ARM.Collect$$libshutdown$$00000003  c_w.l(libshutdown2.o)
    0x0000033e   0x00000000   Code   RO          833    .ARM.Collect$$libshutdown$$00000006  c_w.l(libshutdown2.o)
    0x0000033e   0x00000000   Code   RO          836    .ARM.Collect$$libshutdown$$00000009  c_w.l(libshutdown2.o)
    0x0000033e   0x00000000   Code   RO          838    .ARM.Collect$$libshutdown$$0000000B  c_w.l(libshutdown2.o)
    0x0000033e   0x00000000   Code   RO          841    .ARM.Collect$$libshutdown$$0000000E  c_w.l(libshutdown2.o)
    0x0000033e   0x00000002   Code   RO          842    .ARM.Collect$$libshutdown$$0000000F  c_w.l(libshutdown2.o)
    0x00000340   0x00000000   Code   RO          723    .ARM.Collect$$rtentry$$00000000  c_w.l(rtentry.o)
    0x00000340   0x00000000   Code   RO          725    .ARM.Collect$$rtentry$$00000002  c_w.l(rtentry2.o)
    0x00000340   0x00000006   Code   RO          737    .ARM.Collect$$rtentry$$00000004  c_w.l(rtentry4.o)
    0x00000346   0x00000000   Code   RO          727    .ARM.Collect$$rtentry$$00000009  c_w.l(rtentry2.o)
    0x00000346   0x00000004   Code   RO          728    .ARM.Collect$$rtentry$$0000000A  c_w.l(rtentry2.o)
    0x0000034a   0x00000000   Code   RO          730    .ARM.Collect$$rtentry$$0000000C  c_w.l(rtentry2.o)
    0x0000034a   0x00000008   Code   RO          731    .ARM.Collect$$rtentry$$0000000D  c_w.l(rtentry2.o)
    0x00000352   0x00000002   Code   RO          752    .ARM.Collect$$rtexit$$00000000  c_w.l(rtexit.o)
    0x00000354   0x00000000   Code   RO          798    .ARM.Collect$$rtexit$$00000002  c_w.l(rtexit2.o)
    0x00000354   0x00000004   Code   RO          799    .ARM.Collect$$rtexit$$00000003  c_w.l(rtexit2.o)
    0x00000358   0x00000006   Code   RO          800    .ARM.Collect$$rtexit$$00000004  c_w.l(rtexit2.o)
    0x0000035e   0x00000002   PAD
    0x00000360   0x00000030   Code   RO            4    .text               startup.o
    0x00000390   0x00000040   Code   RO           13    .text               random.o
    0x000003d0   0x00000050   Code   RO          244    .text               lcd.o
    0x00000420   0x000004a0   Code   RO          700    .text               texas.o
    0x000008c0   0x00000006   Code   RO          719    .text               c_w.l(heapauxi.o)
    0x000008c6   0x0000004a   Code   RO          739    .text               c_w.l(sys_stackheap_outer.o)
    0x00000910   0x0000000c   Code   RO          741    .text               c_w.l(exit.o)
    0x0000091c   0x00000008   Code   RO          749    .text               c_w.l(libspace.o)
    0x00000924   0x0000000c   Code   RO          808    .text               c_w.l(sys_exit.o)
    0x00000930   0x00000002   Code   RO          819    .text               c_w.l(use_no_semi.o)
    0x00000932   0x00000000   Code   RO          821    .text               c_w.l(indicate_semi.o)
    0x00000932   0x00000002   PAD
    0x00000934   0x00000038   Code   RO           86    i.ADC_In89          adc.o
    0x0000096c   0x00000110   Code   RO           87    i.ADC_Init89        adc.o
    0x00000a7c   0x00000044   Code   RO           16    i.DAC_Init          dac.o
    0x00000ac0   0x00000024   Code   RO          576    i.Delay100ms        globals.o
    0x00000ae4   0x00000020   Code   RO          268    i.Delay1ms          st7735.o
    0x00000b04   0x00000024   Code   RO          577    i.Delay50ms         globals.o
    0x00000b28   0x000000ac   Code   RO           88    i.EdgeInterrupt_Init  adc.o
    0x00000bd4   0x00000030   Code   RO           89    i.GPIOPortC_Handler  adc.o
    0x00000c04   0x00000010   Code   RO          271    i.Output_Init       st7735.o
    0x00000c14   0x00000120   Code   RO          275    i.ST7735_DrawBitmap  st7735.o
    0x00000d34   0x000000f4   Code   RO          277    i.ST7735_DrawCharS  st7735.o
    0x00000e28   0x00000048   Code   RO          280    i.ST7735_DrawPixel  st7735.o
    0x00000e70   0x00000056   Code   RO          281    i.ST7735_DrawString  st7735.o
    0x00000ec6   0x00000002   PAD
    0x00000ec8   0x000000ac   Code   RO          282    i.ST7735_FillRect   st7735.o
    0x00000f74   0x00000024   Code   RO          283    i.ST7735_FillScreen  st7735.o
    0x00000f98   0x0000007c   Code   RO          285    i.ST7735_InitR      st7735.o
    0x00001014   0x00000020   Code   RO          298    i.ST7735_SetCursor  st7735.o
    0x00001034   0x0000001c   Code   RO           90    i.SysTick_Handler   adc.o
    0x00001050   0x00000034   Code   RO           91    i.SysTick_Init      adc.o
    0x00001084   0x00000018   Code   RO           18    i.Timer0A_Handler   dac.o
    0x0000109c   0x00000060   Code   RO           19    i.Timer0_Init       dac.o
    0x000010fc   0x00000018   Code   RO           20    i.Timer1A_Handler   dac.o
    0x00001114   0x0000007c   Code   RO           92    i.Timer3A_Handler   adc.o
    0x00001190   0x00000068   Code   RO           93    i.Timer3_Init       adc.o
    0x000011f8   0x0000009c   Code   RO          633    i.alien_bullets     playengine.o
    0x00001294   0x00000594   Code   RO          634    i.alien_movement    playengine.o
    0x00001828   0x00000108   Code   RO          635    i.bullet_movement   playengine.o
    0x00001930   0x0000003c   Code   RO          537    i.checkSN           menu.o
    0x0000196c   0x00000056   Code   RO          302    i.commandList       st7735.o
    0x000019c2   0x00000002   PAD
    0x000019c4   0x00000184   Code   RO          303    i.commonInit        st7735.o
    0x00001b48   0x0000025c   Code   RO          636    i.generateAliens    playengine.o
    0x00001da4   0x00000014   Code   RO          637    i.generateBullet    playengine.o
    0x00001db8   0x00000038   Code   RO          638    i.generateBunkers   playengine.o
    0x00001df0   0x00000238   Code   RO          538    i.generateDiffi     menu.o
    0x00002028   0x00000002   Code   RO          539    i.generateHS        menu.o
    0x0000202a   0x00000002   PAD
    0x0000202c   0x000001e4   Code   RO          540    i.generateMenu      menu.o
    0x00002210   0x00000012   Code   RO          541    i.generatePlay      menu.o
    0x00002222   0x00000002   PAD
    0x00002224   0x0000002c   Code   RO          639    i.generateShip      playengine.o
    0x00002250   0x00000028   Code   RO           94    i.getADCInfo        adc.o
    0x00002278   0x00000022   Code   RO          579    i.init_All          globals.o
    0x0000229a   0x00000012   Code   RO          250    i.main              spaceinvaders.o
    0x000022ac   0x00000048   Code   RO          640    i.moveBullet        playengine.o
    0x000022f4   0x00000012   Code   RO          308    i.pushColor         st7735.o
    0x00002306   0x00000002   PAD
    0x00002308   0x00000074   Code   RO          309    i.setAddrWindow     st7735.o
    0x0000237c   0x000000cc   Code   RO          612    i.shipMovement      movement.o
    0x00002448   0x00000014   Code   RO          641    i.startEngine       playengine.o
    0x0000245c   0x000007e2   Data   RO          311    .constdata          st7735.o
    0x00002c3e   0x00000a94   Data   RO          626    .constdata          images.o
    0x000036d2   0x00000014   Data   RO          642    .constdata          playengine.o
    0x000036e6   0x000000f0   Data   RO          702    .constdata          texas.o
    0x000037d6   0x00000002   PAD
    0x000037d8   0x00000020   Data   RO          873    Region$$Table       anon$$obj.o


    Execution Region ER_RW (Base: 0x20000000, Size: 0x000004bc, Max: 0xffffffff, ABSOLUTE, COMPRESSED[0x00000164])

    Base Addr    Size         Type   Attr      Idx    E Section Name        Object

    0x20000000   0x00000160   Data   RW           25    .data               dac.o
    0x20000160   0x0000002c   Data   RW          312    .data               st7735.o
    0x2000018c   0x00000032   Data   RW          542    .data               menu.o
    0x200001be   0x00000002   PAD
    0x200001c0   0x00000038   Data   RW          580    .data               globals.o
    0x200001f8   0x00000290   Data   RW          643    .data               playengine.o
    0x20000488   0x00000030   Data   RW          703    .data               texas.o
    0x200004b8   0x00000004   Data   RW           12    DATA                random.o


    Execution Region ER_ZI (Base: 0x200004bc, Size: 0x0000049c, Max: 0xffffffff, ABSOLUTE)

    Base Addr    Size         Type   Attr      Idx    E Section Name        Object

    0x200004bc   0x00000004   PAD
    0x200004c0   0x00000038   Zero   RW          701    .bss                texas.o
    0x200004f8   0x00000060   Zero   RW          750    .bss                c_w.l(libspace.o)
    0x20000558   0x00000000   Zero   RW            2    HEAP                startup.o
    0x20000558   0x00000400   Zero   RW            1    STACK               startup.o


==============================================================================

Image component sizes


      Code (inc. data)   RO Data    RW Data    ZI Data      Debug   Object Name

       896        148          0          0          0       4015   adc.o
       212         50          0        352          0       6681   dac.o
       106         12          0         56          0       2342   globals.o
         0          0       2708          0          0        818   images.o
        80         12          0          0          0        216   lcd.o
      1132         60          0         50          0       3449   menu.o
       204         16          0          0          0        463   movement.o
      2664        104         20        656          0       6232   playengine.o
        64         14          0          4          0        212   random.o
        18          0          0          0          0        903   spaceinvaders.o
      1710        146       2018         44          0      11484   st7735.o
       692        632          0          0       1024        932   startup.o
      1184        188        240         48         56      14668   texas.o

    ----------------------------------------------------------------------
      8972       1382       5020       1212       1084      52415   Object Totals
         0          0         32          0          0          0   (incl. Generated)
        10          0          2          2          4          0   (incl. Padding)

    ----------------------------------------------------------------------

      Code (inc. data)   RO Data    RW Data    ZI Data      Debug   Library Member Name

        90          0          0          0          0          0   __dczerorl2.o
         8          0          0          0          0         68   __main.o
        52          8          0          0          0          0   __scatter.o
        28          0          0          0          0          0   __scatter_zi.o
        12          0          0          0          0         72   exit.o
         6          0          0          0          0        152   heapauxi.o
         0          0          0          0          0          0   indicate_semi.o
         2          0          0          0          0          0   libinit.o
         2          0          0          0          0          0   libinit2.o
         2          0          0          0          0          0   libshutdown.o
         2          0          0          0          0          0   libshutdown2.o
         8          4          0          0         96         68   libspace.o
         0          0          0          0          0          0   rtentry.o
        12          0          0          0          0          0   rtentry2.o
         6          0          0          0          0          0   rtentry4.o
         2          0          0          0          0          0   rtexit.o
        10          0          0          0          0          0   rtexit2.o
        12          4          0          0          0         68   sys_exit.o
        74          0          0          0          0         80   sys_stackheap_outer.o
         2          0          0          0          0         68   use_no_semi.o

    ----------------------------------------------------------------------
       336         16          0          0         96        576   Library Totals
         6          0          0          0          0          0   (incl. Padding)

    ----------------------------------------------------------------------

      Code (inc. data)   RO Data    RW Data    ZI Data      Debug   Library Name

       330         16          0          0         96        576   c_w.l

    ----------------------------------------------------------------------
       336         16          0          0         96        576   Library Totals

    ----------------------------------------------------------------------

==============================================================================


      Code (inc. data)   RO Data    RW Data    ZI Data      Debug   

      9308       1398       5020       1212       1180      50339   Grand Totals
      9308       1398       5020        356       1180      50339   ELF Image Totals (compressed)
      9308       1398       5020        356          0          0   ROM Totals

==============================================================================

    Total RO  Size (Code + RO Data)                14328 (  13.99kB)
    Total RW  Size (RW Data + ZI Data)              2392 (   2.34kB)
    Total ROM Size (Code + RO Data + RW Data)      14684 (  14.34kB)

==============================================================================

